[2m[WebServer] [22m
[2m[WebServer] [22m> dev
[2m[WebServer] [22m> turbo run dev
[2m[WebServer] [22m
[2m[WebServer] [22m[2mÔÇó Packages in scope: @bm-build-manage/api, @bm-build-manage/config, @bm-build-manage/types, @bm-build-manage/web[0m
[2m[WebServer] [22m[2mÔÇó Running [0m[1m[2mdev[0m[2m in 4 packages
[2m[WebServer] [22m[0m[2mÔÇó Remote caching disabled[0m
[2m[WebServer] [22m[36m@bm-build-manage/web:dev: [0mcache bypass, force executing [2mfc97e5026a651b0a[0m
[2m[WebServer] [22m[35m@bm-build-manage/api:dev: [0mcache bypass, force executing [2m0537e47ae5ddd3b4[0m
[2m[WebServer] [22m[35m@bm-build-manage/api:dev: [0m
[2m[WebServer] [22m[35m@bm-build-manage/api:dev: [0m> @bm-build-manage/api@0.0.1 dev
[2m[WebServer] [22m[35m@bm-build-manage/api:dev: [0m> npm run start:dev
[2m[WebServer] [22m[35m@bm-build-manage/api:dev: [0m
[2m[WebServer] [22m[36m@bm-build-manage/web:dev: [0m
[2m[WebServer] [22m[36m@bm-build-manage/web:dev: [0m> @bm-build-manage/web@0.0.0 dev
[2m[WebServer] [22m[36m@bm-build-manage/web:dev: [0m> vite
[2m[WebServer] [22m[36m@bm-build-manage/web:dev: [0m
[2m[WebServer] [22m[35m@bm-build-manage/api:dev: [0m
[2m[WebServer] [22m[35m@bm-build-manage/api:dev: [0m> @bm-build-manage/api@0.0.1 start:dev
[2m[WebServer] [22m[35m@bm-build-manage/api:dev: [0m> nest start --watch
[2m[WebServer] [22m[35m@bm-build-manage/api:dev: [0m
[2m[WebServer] [22m[36m@bm-build-manage/web:dev: [0m
[2m[WebServer] [22m[36m@bm-build-manage/web:dev: [0m  [32m[1mVITE[22m v8.0.0[39m  [2mready in [0m[1m401[22m[2m[0m ms[22m
[2m[WebServer] [22m[36m@bm-build-manage/web:dev: [0m
[2m[WebServer] [22m[36m@bm-build-manage/web:dev: [0m  [32mÔ×£[39m  [1mLocal[22m:   [36mhttp://localhost:[1m5173[22m/[39m
[2m[WebServer] [22m[36m@bm-build-manage/web:dev: [0m[2m  [32mÔ×£[39m  [1mNetwork[22m[2m: use [22m[1m--host[22m[2m to expose[22m

Running 1 test using 1 worker

[2m[WebServer] [22m[35m@bm-build-manage/api:dev: [0m[2J[3J[H[[90m5:12:06 p.┬ám.[0m] Starting compilation in watch mode...
[2m[WebServer] [22m[35m@bm-build-manage/api:dev: [0m
[2m[WebServer] [22m[35m@bm-build-manage/api:dev: [0m[[90m5:12:13 p.┬ám.[0m] Found 0 errors. Watching for file changes.
[2m[WebServer] [22m[35m@bm-build-manage/api:dev: [0m
[2m[WebServer] [22m[35m@bm-build-manage/api:dev: [0m[32m[Nest] 22404  - [39m02-04-2026, 5:12:16 p.┬ám. [32m    LOG[39m [38;5;3m[NestFactory] [39m[32mStarting Nest application...[39m
[2m[WebServer] [22m[35m@bm-build-manage/api:dev: [0m[32m[Nest] 22404  - [39m02-04-2026, 5:12:16 p.┬ám. [32m    LOG[39m [38;5;3m[InstanceLoader] [39m[32mTypeOrmModule dependencies initialized[39m[38;5;3m +15ms[39m
[2m[WebServer] [22m[35m@bm-build-manage/api:dev: [0m[32m[Nest] 22404  - [39m02-04-2026, 5:12:16 p.┬ám. [32m    LOG[39m [38;5;3m[InstanceLoader] [39m[32mConfigHostModule dependencies initialized[39m[38;5;3m +0ms[39m
[2m[WebServer] [22m[35m@bm-build-manage/api:dev: [0m[32m[Nest] 22404  - [39m02-04-2026, 5:12:16 p.┬ám. [32m    LOG[39m [38;5;3m[InstanceLoader] [39m[32mAppModule dependencies initialized[39m[38;5;3m +1ms[39m
[2m[WebServer] [22m[35m@bm-build-manage/api:dev: [0m[32m[Nest] 22404  - [39m02-04-2026, 5:12:16 p.┬ám. [32m    LOG[39m [38;5;3m[InstanceLoader] [39m[32mConfigModule dependencies initialized[39m[38;5;3m +0ms[39m
[2m[WebServer] [22m[35m@bm-build-manage/api:dev: [0m[32m[Nest] 22404  - [39m02-04-2026, 5:12:16 p.┬ám. [32m    LOG[39m [38;5;3m[InstanceLoader] [39m[32mConfigModule dependencies initialized[39m[38;5;3m +0ms[39m
[2m[WebServer] [22m[35m@bm-build-manage/api:dev: [0m[32m[Nest] 22404  - [39m02-04-2026, 5:12:17 p.┬ám. [32m    LOG[39m [38;5;3m[InstanceLoader] [39m[32mAuthModule dependencies initialized[39m[38;5;3m +45ms[39m
[2m[WebServer] [22m[35m@bm-build-manage/api:dev: [0m[90m[4mquery:[24m[39m [94mSELECT[0m [95mversion[0m[37m([0m[37m)[0m
[2m[WebServer] [22m[35m@bm-build-manage/api:dev: [0m[90m[4mquery:[24m[39m [94mSELECT[0m [37m*[0m [94mFROM[0m [95mcurrent_schema[0m[37m([0m[37m)[0m
[2m[WebServer] [22m[35m@bm-build-manage/api:dev: [0m[90m[4mquery:[24m[39m [94mCREATE[0m [37mEXTENSION[0m [94mIF[0m [94mNOT[0m [94mEXISTS[0m [37m"uuid-ossp"[0m
[2m[WebServer] [22m[35m@bm-build-manage/api:dev: [0m[32m[Nest] 22404  - [39m02-04-2026, 5:12:17 p.┬ám. [32m    LOG[39m [38;5;3m[InstanceLoader] [39m[32mTypeOrmCoreModule dependencies initialized[39m[38;5;3m +532ms[39m
[2m[WebServer] [22m[35m@bm-build-manage/api:dev: [0m[32m[Nest] 22404  - [39m02-04-2026, 5:12:17 p.┬ám. [32m    LOG[39m [38;5;3m[InstanceLoader] [39m[32mTypeOrmModule dependencies initialized[39m[38;5;3m +0ms[39m
[2m[WebServer] [22m[35m@bm-build-manage/api:dev: [0m[32m[Nest] 22404  - [39m02-04-2026, 5:12:17 p.┬ám. [32m    LOG[39m [38;5;3m[InstanceLoader] [39m[32mTypeOrmModule dependencies initialized[39m[38;5;3m +0ms[39m
[2m[WebServer] [22m[35m@bm-build-manage/api:dev: [0m[32m[Nest] 22404  - [39m02-04-2026, 5:12:17 p.┬ám. [32m    LOG[39m [38;5;3m[InstanceLoader] [39m[32mTypeOrmModule dependencies initialized[39m[38;5;3m +0ms[39m
[2m[WebServer] [22m[35m@bm-build-manage/api:dev: [0m[32m[Nest] 22404  - [39m02-04-2026, 5:12:17 p.┬ám. [32m    LOG[39m [38;5;3m[InstanceLoader] [39m[32mTypeOrmModule dependencies initialized[39m[38;5;3m +0ms[39m
[2m[WebServer] [22m[35m@bm-build-manage/api:dev: [0m[32m[Nest] 22404  - [39m02-04-2026, 5:12:17 p.┬ám. [32m    LOG[39m [38;5;3m[InstanceLoader] [39m[32mTypeOrmModule dependencies initialized[39m[38;5;3m +0ms[39m
[2m[WebServer] [22m[35m@bm-build-manage/api:dev: [0m[32m[Nest] 22404  - [39m02-04-2026, 5:12:17 p.┬ám. [32m    LOG[39m [38;5;3m[InstanceLoader] [39m[32mTypeOrmModule dependencies initialized[39m[38;5;3m +0ms[39m
[2m[WebServer] [22m[35m@bm-build-manage/api:dev: [0m[32m[Nest] 22404  - [39m02-04-2026, 5:12:17 p.┬ám. [32m    LOG[39m [38;5;3m[InstanceLoader] [39m[32mTypeOrmModule dependencies initialized[39m[38;5;3m +0ms[39m
[2m[WebServer] [22m[35m@bm-build-manage/api:dev: [0m[32m[Nest] 22404  - [39m02-04-2026, 5:12:17 p.┬ám. [32m    LOG[39m [38;5;3m[InstanceLoader] [39m[32mTypeOrmModule dependencies initialized[39m[38;5;3m +0ms[39m
[2m[WebServer] [22m[35m@bm-build-manage/api:dev: [0m[32m[Nest] 22404  - [39m02-04-2026, 5:12:17 p.┬ám. [32m    LOG[39m [38;5;3m[InstanceLoader] [39m[32mTypeOrmModule dependencies initialized[39m[38;5;3m +0ms[39m
[2m[WebServer] [22m[35m@bm-build-manage/api:dev: [0m[32m[Nest] 22404  - [39m02-04-2026, 5:12:17 p.┬ám. [32m    LOG[39m [38;5;3m[InstanceLoader] [39m[32mTypeOrmModule dependencies initialized[39m[38;5;3m +0ms[39m
[2m[WebServer] [22m[35m@bm-build-manage/api:dev: [0m[32m[Nest] 22404  - [39m02-04-2026, 5:12:17 p.┬ám. [32m    LOG[39m [38;5;3m[InstanceLoader] [39m[32mTypeOrmModule dependencies initialized[39m[38;5;3m +0ms[39m
[2m[WebServer] [22m[35m@bm-build-manage/api:dev: [0m[32m[Nest] 22404  - [39m02-04-2026, 5:12:17 p.┬ám. [32m    LOG[39m [38;5;3m[InstanceLoader] [39m[32mTypeOrmModule dependencies initialized[39m[38;5;3m +0ms[39m
[2m[WebServer] [22m[35m@bm-build-manage/api:dev: [0m[32m[Nest] 22404  - [39m02-04-2026, 5:12:17 p.┬ám. [32m    LOG[39m [38;5;3m[InstanceLoader] [39m[32mTypeOrmModule dependencies initialized[39m[38;5;3m +0ms[39m
[2m[WebServer] [22m[35m@bm-build-manage/api:dev: [0m[32m[Nest] 22404  - [39m02-04-2026, 5:12:17 p.┬ám. [32m    LOG[39m [38;5;3m[InstanceLoader] [39m[32mTypeOrmModule dependencies initialized[39m[38;5;3m +0ms[39m
[2m[WebServer] [22m[35m@bm-build-manage/api:dev: [0m[32m[Nest] 22404  - [39m02-04-2026, 5:12:17 p.┬ám. [32m    LOG[39m [38;5;3m[InstanceLoader] [39m[32mTypeOrmModule dependencies initialized[39m[38;5;3m +0ms[39m
[2m[WebServer] [22m[35m@bm-build-manage/api:dev: [0m[32m[Nest] 22404  - [39m02-04-2026, 5:12:17 p.┬ám. [32m    LOG[39m [38;5;3m[InstanceLoader] [39m[32mTypeOrmModule dependencies initialized[39m[38;5;3m +0ms[39m
[2m[WebServer] [22m[35m@bm-build-manage/api:dev: [0m[32m[Nest] 22404  - [39m02-04-2026, 5:12:17 p.┬ám. [32m    LOG[39m [38;5;3m[InstanceLoader] [39m[32mTypeOrmModule dependencies initialized[39m[38;5;3m +0ms[39m
[2m[WebServer] [22m[35m@bm-build-manage/api:dev: [0m[32m[Nest] 22404  - [39m02-04-2026, 5:12:17 p.┬ám. [32m    LOG[39m [38;5;3m[InstanceLoader] [39m[32mTypeOrmModule dependencies initialized[39m[38;5;3m +0ms[39m
[2m[WebServer] [22m[35m@bm-build-manage/api:dev: [0m[32m[Nest] 22404  - [39m02-04-2026, 5:12:17 p.┬ám. [32m    LOG[39m [38;5;3m[InstanceLoader] [39m[32mTypeOrmModule dependencies initialized[39m[38;5;3m +0ms[39m
[2m[WebServer] [22m[35m@bm-build-manage/api:dev: [0m[32m[Nest] 22404  - [39m02-04-2026, 5:12:17 p.┬ám. [32m    LOG[39m [38;5;3m[InstanceLoader] [39m[32mTypeOrmModule dependencies initialized[39m[38;5;3m +1ms[39m
[2m[WebServer] [22m[35m@bm-build-manage/api:dev: [0m[32m[Nest] 22404  - [39m02-04-2026, 5:12:17 p.┬ám. [32m    LOG[39m [38;5;3m[InstanceLoader] [39m[32mTypeOrmModule dependencies initialized[39m[38;5;3m +0ms[39m
[2m[WebServer] [22m[35m@bm-build-manage/api:dev: [0m[32m[Nest] 22404  - [39m02-04-2026, 5:12:17 p.┬ám. [32m    LOG[39m [38;5;3m[InstanceLoader] [39m[32mTypeOrmModule dependencies initialized[39m[38;5;3m +0ms[39m
[2m[WebServer] [22m[35m@bm-build-manage/api:dev: [0m[32m[Nest] 22404  - [39m02-04-2026, 5:12:17 p.┬ám. [32m    LOG[39m [38;5;3m[InstanceLoader] [39m[32mTypeOrmModule dependencies initialized[39m[38;5;3m +0ms[39m
[2m[WebServer] [22m[35m@bm-build-manage/api:dev: [0m[32m[Nest] 22404  - [39m02-04-2026, 5:12:17 p.┬ám. [32m    LOG[39m [38;5;3m[InstanceLoader] [39m[32mMachineryModule dependencies initialized[39m[38;5;3m +1ms[39m
[2m[WebServer] [22m[35m@bm-build-manage/api:dev: [0m[32m[Nest] 22404  - [39m02-04-2026, 5:12:17 p.┬ám. [32m    LOG[39m [38;5;3m[InstanceLoader] [39m[32mMaterialsModule dependencies initialized[39m[38;5;3m +0ms[39m
[2m[WebServer] [22m[35m@bm-build-manage/api:dev: [0m[32m[Nest] 22404  - [39m02-04-2026, 5:12:17 p.┬ám. [32m    LOG[39m [38;5;3m[InstanceLoader] [39m[32mInvoicesModule dependencies initialized[39m[38;5;3m +0ms[39m
[2m[WebServer] [22m[35m@bm-build-manage/api:dev: [0m[32m[Nest] 22404  - [39m02-04-2026, 5:12:17 p.┬ám. [32m    LOG[39m [38;5;3m[InstanceLoader] [39m[32mSeedModule dependencies initialized[39m[38;5;3m +0ms[39m
[2m[WebServer] [22m[35m@bm-build-manage/api:dev: [0m[32m[Nest] 22404  - [39m02-04-2026, 5:12:17 p.┬ám. [32m    LOG[39m [38;5;3m[InstanceLoader] [39m[32mResourcesModule dependencies initialized[39m[38;5;3m +1ms[39m
[2m[WebServer] [22m[35m@bm-build-manage/api:dev: [0m[32m[Nest] 22404  - [39m02-04-2026, 5:12:17 p.┬ám. [32m    LOG[39m [38;5;3m[InstanceLoader] [39m[32mApuModule dependencies initialized[39m[38;5;3m +0ms[39m
[2m[WebServer] [22m[35m@bm-build-manage/api:dev: [0m[32m[Nest] 22404  - [39m02-04-2026, 5:12:17 p.┬ám. [32m    LOG[39m [38;5;3m[InstanceLoader] [39m[32mProjectsModule dependencies initialized[39m[38;5;3m +0ms[39m
[2m[WebServer] [22m[35m@bm-build-manage/api:dev: [0m[32m[Nest] 22404  - [39m02-04-2026, 5:12:17 p.┬ám. [32m    LOG[39m [38;5;3m[InstanceLoader] [39m[32mContingenciesModule dependencies initialized[39m[38;5;3m +0ms[39m
[2m[WebServer] [22m[35m@bm-build-manage/api:dev: [0m[32m[Nest] 22404  - [39m02-04-2026, 5:12:17 p.┬ám. [32m    LOG[39m [38;5;3m[InstanceLoader] [39m[32mUnitsModule dependencies initialized[39m[38;5;3m +0ms[39m
[2m[WebServer] [22m[35m@bm-build-manage/api:dev: [0m[32m[Nest] 22404  - [39m02-04-2026, 5:12:17 p.┬ám. [32m    LOG[39m [38;5;3m[InstanceLoader] [39m[32mUsersModule dependencies initialized[39m[38;5;3m +0ms[39m
[2m[WebServer] [22m[35m@bm-build-manage/api:dev: [0m[32m[Nest] 22404  - [39m02-04-2026, 5:12:17 p.┬ám. [32m    LOG[39m [38;5;3m[InstanceLoader] [39m[32mCompaniesModule dependencies initialized[39m[38;5;3m +0ms[39m
[2m[WebServer] [22m[35m@bm-build-manage/api:dev: [0m[32m[Nest] 22404  - [39m02-04-2026, 5:12:17 p.┬ám. [32m    LOG[39m [38;5;3m[InstanceLoader] [39m[32mClientsModule dependencies initialized[39m[38;5;3m +0ms[39m
[2m[WebServer] [22m[35m@bm-build-manage/api:dev: [0m[32m[Nest] 22404  - [39m02-04-2026, 5:12:17 p.┬ám. [32m    LOG[39m [38;5;3m[InstanceLoader] [39m[32mStagesModule dependencies initialized[39m[38;5;3m +0ms[39m
[2m[WebServer] [22m[35m@bm-build-manage/api:dev: [0m[32m[Nest] 22404  - [39m02-04-2026, 5:12:17 p.┬ám. [32m    LOG[39m [38;5;3m[InstanceLoader] [39m[32mExpensesModule dependencies initialized[39m[38;5;3m +0ms[39m
[2m[WebServer] [22m[35m@bm-build-manage/api:dev: [0m[32m[Nest] 22404  - [39m02-04-2026, 5:12:17 p.┬ám. [32m    LOG[39m [38;5;3m[InstanceLoader] [39m[32mWorkersModule dependencies initialized[39m[38;5;3m +0ms[39m
[2m[WebServer] [22m[35m@bm-build-manage/api:dev: [0m[32m[Nest] 22404  - [39m02-04-2026, 5:12:17 p.┬ám. [32m    LOG[39m [38;5;3m[InstanceLoader] [39m[32mWorkerAssignmentsModule dependencies initialized[39m[38;5;3m +0ms[39m
[2m[WebServer] [22m[35m@bm-build-manage/api:dev: [0m[32m[Nest] 22404  - [39m02-04-2026, 5:12:17 p.┬ám. [32m    LOG[39m [38;5;3m[InstanceLoader] [39m[32mWorkerPaymentsModule dependencies initialized[39m[38;5;3m +0ms[39m
[2m[WebServer] [22m[35m@bm-build-manage/api:dev: [0m[32m[Nest] 22404  - [39m02-04-2026, 5:12:17 p.┬ám. [32m    LOG[39m [38;5;3m[InstanceLoader] [39m[32mTemplatesModule dependencies initialized[39m[38;5;3m +0ms[39m
[2m[WebServer] [22m[35m@bm-build-manage/api:dev: [0m[32m[Nest] 22404  - [39m02-04-2026, 5:12:17 p.┬ám. [32m    LOG[39m [38;5;3m[InstanceLoader] [39m[32mDocumentsModule dependencies initialized[39m[38;5;3m +0ms[39m
[2m[WebServer] [22m[35m@bm-build-manage/api:dev: [0m[32m[Nest] 22404  - [39m02-04-2026, 5:12:17 p.┬ám. [32m    LOG[39m [38;5;3m[InstanceLoader] [39m[32mAuditLogsModule dependencies initialized[39m[38;5;3m +0ms[39m
[2m[WebServer] [22m[35m@bm-build-manage/api:dev: [0m[32m[Nest] 22404  - [39m02-04-2026, 5:12:17 p.┬ám. [32m    LOG[39m [38;5;3m[InstanceLoader] [39m[32mExecutionModule dependencies initialized[39m[38;5;3m +1ms[39m
[2m[WebServer] [22m[35m@bm-build-manage/api:dev: [0m[32m[Nest] 22404  - [39m02-04-2026, 5:12:17 p.┬ám. [32m    LOG[39m [38;5;3m[InstanceLoader] [39m[32mItemsModule dependencies initialized[39m[38;5;3m +0ms[39m
[2m[WebServer] [22m[35m@bm-build-manage/api:dev: [0m[32m[Nest] 22404  - [39m02-04-2026, 5:12:17 p.┬ám. [32m    LOG[39m [38;5;3m[InstanceLoader] [39m[32mBudgetsModule dependencies initialized[39m[38;5;3m +0ms[39m
[2m[WebServer] [22m[35m@bm-build-manage/api:dev: [0m[32m[Nest] 22404  - [39m02-04-2026, 5:12:17 p.┬ám. [32m    LOG[39m [38;5;3m[RoutesResolver] [39m[32mAppController {/api/v1}:[39m[38;5;3m +4ms[39m
[2m[WebServer] [22m[35m@bm-build-manage/api:dev: [0m[32m[Nest] 22404  - [39m02-04-2026, 5:12:17 p.┬ám. [32m    LOG[39m [38;5;3m[RouterExplorer] [39m[32mMapped {/api/v1, GET} route[39m[38;5;3m +2ms[39m
[2m[WebServer] [22m[35m@bm-build-manage/api:dev: [0m[32m[Nest] 22404  - [39m02-04-2026, 5:12:17 p.┬ám. [32m    LOG[39m [38;5;3m[RouterExplorer] [39m[32mMapped {/api/v1/health, GET} route[39m[38;5;3m +0ms[39m
[2m[WebServer] [22m[35m@bm-build-manage/api:dev: [0m[32m[Nest] 22404  - [39m02-04-2026, 5:12:17 p.┬ám. [32m    LOG[39m [38;5;3m[RoutesResolver] [39m[32mAuthController {/api/v1/auth}:[39m[38;5;3m +0ms[39m
[2m[WebServer] [22m[35m@bm-build-manage/api:dev: [0m[32m[Nest] 22404  - [39m02-04-2026, 5:12:17 p.┬ám. [32m    LOG[39m [38;5;3m[RouterExplorer] [39m[32mMapped {/api/v1/auth/me, GET} route[39m[38;5;3m +1ms[39m
[2m[WebServer] [22m[35m@bm-build-manage/api:dev: [0m[32m[Nest] 22404  - [39m02-04-2026, 5:12:17 p.┬ám. [32m    LOG[39m [38;5;3m[RoutesResolver] [39m[32mUsersController {/api/v1/users}:[39m[38;5;3m +0ms[39m
[2m[WebServer] [22m[35m@bm-build-manage/api:dev: [0m[32m[Nest] 22404  - [39m02-04-2026, 5:12:17 p.┬ám. [32m    LOG[39m [38;5;3m[RouterExplorer] [39m[32mMapped {/api/v1/users, POST} route[39m[38;5;3m +0ms[39m
[2m[WebServer] [22m[35m@bm-build-manage/api:dev: [0m[32m[Nest] 22404  - [39m02-04-2026, 5:12:17 p.┬ám. [32m    LOG[39m [38;5;3m[RouterExplorer] [39m[32mMapped {/api/v1/users, GET} route[39m[38;5;3m +0ms[39m
[2m[WebServer] [22m[35m@bm-build-manage/api:dev: [0m[32m[Nest] 22404  - [39m02-04-2026, 5:12:17 p.┬ám. [32m    LOG[39m [38;5;3m[RouterExplorer] [39m[32mMapped {/api/v1/users/:id, GET} route[39m[38;5;3m +1ms[39m
[2m[WebServer] [22m[35m@bm-build-manage/api:dev: [0m[32m[Nest] 22404  - [39m02-04-2026, 5:12:17 p.┬ám. [32m    LOG[39m [38;5;3m[RouterExplorer] [39m[32mMapped {/api/v1/users/:id, PATCH} route[39m[38;5;3m +0ms[39m
[2m[WebServer] [22m[35m@bm-build-manage/api:dev: [0m[32m[Nest] 22404  - [39m02-04-2026, 5:12:17 p.┬ám. [32m    LOG[39m [38;5;3m[RouterExplorer] [39m[32mMapped {/api/v1/users/:id, DELETE} route[39m[38;5;3m +0ms[39m
[2m[WebServer] [22m[35m@bm-build-manage/api:dev: [0m[32m[Nest] 22404  - [39m02-04-2026, 5:12:17 p.┬ám. [32m    LOG[39m [38;5;3m[RoutesResolver] [39m[32mCompaniesController {/api/v1/companies}:[39m[38;5;3m +0ms[39m
[2m[WebServer] [22m[35m@bm-build-manage/api:dev: [0m[32m[Nest] 22404  - [39m02-04-2026, 5:12:17 p.┬ám. [32m    LOG[39m [38;5;3m[RouterExplorer] [39m[32mMapped {/api/v1/companies, POST} route[39m[38;5;3m +1ms[39m
[2m[WebServer] [22m[35m@bm-build-manage/api:dev: [0m[32m[Nest] 22404  - [39m02-04-2026, 5:12:17 p.┬ám. [32m    LOG[39m [38;5;3m[RouterExplorer] [39m[32mMapped {/api/v1/companies, GET} route[39m[38;5;3m +0ms[39m
[2m[WebServer] [22m[35m@bm-build-manage/api:dev: [0m[32m[Nest] 22404  - [39m02-04-2026, 5:12:17 p.┬ám. [32m    LOG[39m [38;5;3m[RouterExplorer] [39m[32mMapped {/api/v1/companies/:id, GET} route[39m[38;5;3m +0ms[39m
[2m[WebServer] [22m[35m@bm-build-manage/api:dev: [0m[32m[Nest] 22404  - [39m02-04-2026, 5:12:17 p.┬ám. [32m    LOG[39m [38;5;3m[RouterExplorer] [39m[32mMapped {/api/v1/companies/:id, PATCH} route[39m[38;5;3m +0ms[39m
[2m[WebServer] [22m[35m@bm-build-manage/api:dev: [0m[32m[Nest] 22404  - [39m02-04-2026, 5:12:17 p.┬ám. [32m    LOG[39m [38;5;3m[RouterExplorer] [39m[32mMapped {/api/v1/companies/:id, DELETE} route[39m[38;5;3m +0ms[39m
[2m[WebServer] [22m[35m@bm-build-manage/api:dev: [0m[32m[Nest] 22404  - [39m02-04-2026, 5:12:17 p.┬ám. [32m    LOG[39m [38;5;3m[RoutesResolver] [39m[32mClientsController {/api/v1/clients}:[39m[38;5;3m +0ms[39m
[2m[WebServer] [22m[35m@bm-build-manage/api:dev: [0m[32m[Nest] 22404  - [39m02-04-2026, 5:12:17 p.┬ám. [32m    LOG[39m [38;5;3m[RouterExplorer] [39m[32mMapped {/api/v1/clients, POST} route[39m[38;5;3m +0ms[39m
[2m[WebServer] [22m[35m@bm-build-manage/api:dev: [0m[32m[Nest] 22404  - [39m02-04-2026, 5:12:17 p.┬ám. [32m    LOG[39m [38;5;3m[RouterExplorer] [39m[32mMapped {/api/v1/clients, GET} route[39m[38;5;3m +1ms[39m
[2m[WebServer] [22m[35m@bm-build-manage/api:dev: [0m[32m[Nest] 22404  - [39m02-04-2026, 5:12:17 p.┬ám. [32m    LOG[39m [38;5;3m[RouterExplorer] [39m[32mMapped {/api/v1/clients/:id, GET} route[39m[38;5;3m +0ms[39m
[2m[WebServer] [22m[35m@bm-build-manage/api:dev: [0m[32m[Nest] 22404  - [39m02-04-2026, 5:12:17 p.┬ám. [32m    LOG[39m [38;5;3m[RouterExplorer] [39m[32mMapped {/api/v1/clients/:id, PATCH} route[39m[38;5;3m +0ms[39m
[2m[WebServer] [22m[35m@bm-build-manage/api:dev: [0m[32m[Nest] 22404  - [39m02-04-2026, 5:12:17 p.┬ám. [32m    LOG[39m [38;5;3m[RouterExplorer] [39m[32mMapped {/api/v1/clients/:id, DELETE} route[39m[38;5;3m +0ms[39m
[2m[WebServer] [22m[35m@bm-build-manage/api:dev: [0m[32m[Nest] 22404  - [39m02-04-2026, 5:12:17 p.┬ám. [32m    LOG[39m [38;5;3m[RoutesResolver] [39m[32mProjectsController {/api/v1/projects}:[39m[38;5;3m +0ms[39m
[2m[WebServer] [22m[35m@bm-build-manage/api:dev: [0m[32m[Nest] 22404  - [39m02-04-2026, 5:12:17 p.┬ám. [32m    LOG[39m [38;5;3m[RouterExplorer] [39m[32mMapped {/api/v1/projects, POST} route[39m[38;5;3m +0ms[39m
[2m[WebServer] [22m[35m@bm-build-manage/api:dev: [0m[32m[Nest] 22404  - [39m02-04-2026, 5:12:17 p.┬ám. [32m    LOG[39m [38;5;3m[RouterExplorer] [39m[32mMapped {/api/v1/projects, GET} route[39m[38;5;3m +0ms[39m
[2m[WebServer] [22m[35m@bm-build-manage/api:dev: [0m[32m[Nest] 22404  - [39m02-04-2026, 5:12:17 p.┬ám. [32m    LOG[39m [38;5;3m[RouterExplorer] [39m[32mMapped {/api/v1/projects/:id, GET} route[39m[38;5;3m +0ms[39m
[2m[WebServer] [22m[35m@bm-build-manage/api:dev: [0m[32m[Nest] 22404  - [39m02-04-2026, 5:12:17 p.┬ám. [32m    LOG[39m [38;5;3m[RouterExplorer] [39m[32mMapped {/api/v1/projects/:id, PATCH} route[39m[38;5;3m +0ms[39m
[2m[WebServer] [22m[35m@bm-build-manage/api:dev: [0m[32m[Nest] 22404  - [39m02-04-2026, 5:12:17 p.┬ám. [32m    LOG[39m [38;5;3m[RouterExplorer] [39m[32mMapped {/api/v1/projects/:id, DELETE} route[39m[38;5;3m +0ms[39m
[2m[WebServer] [22m[35m@bm-build-manage/api:dev: [0m[32m[Nest] 22404  - [39m02-04-2026, 5:12:17 p.┬ám. [32m    LOG[39m [38;5;3m[RoutesResolver] [39m[32mBudgetsController {/api/v1/budgets}:[39m[38;5;3m +0ms[39m
[2m[WebServer] [22m[35m@bm-build-manage/api:dev: [0m[32m[Nest] 22404  - [39m02-04-2026, 5:12:17 p.┬ám. [32m    LOG[39m [38;5;3m[RouterExplorer] [39m[32mMapped {/api/v1/budgets/:id/export/pdf, GET} route[39m[38;5;3m +1ms[39m
[2m[WebServer] [22m[35m@bm-build-manage/api:dev: [0m[32m[Nest] 22404  - [39m02-04-2026, 5:12:17 p.┬ám. [32m    LOG[39m [38;5;3m[RouterExplorer] [39m[32mMapped {/api/v1/budgets, POST} route[39m[38;5;3m +0ms[39m
[2m[WebServer] [22m[35m@bm-build-manage/api:dev: [0m[32m[Nest] 22404  - [39m02-04-2026, 5:12:17 p.┬ám. [32m    LOG[39m [38;5;3m[RouterExplorer] [39m[32mMapped {/api/v1/budgets/:id/activate, POST} route[39m[38;5;3m +0ms[39m
[2m[WebServer] [22m[35m@bm-build-manage/api:dev: [0m[32m[Nest] 22404  - [39m02-04-2026, 5:12:17 p.┬ám. [32m    LOG[39m [38;5;3m[RouterExplorer] [39m[32mMapped {/api/v1/budgets, GET} route[39m[38;5;3m +0ms[39m
[2m[WebServer] [22m[35m@bm-build-manage/api:dev: [0m[32m[Nest] 22404  - [39m02-04-2026, 5:12:17 p.┬ám. [32m    LOG[39m [38;5;3m[RouterExplorer] [39m[32mMapped {/api/v1/budgets/:id, GET} route[39m[38;5;3m +0ms[39m
[2m[WebServer] [22m[35m@bm-build-manage/api:dev: [0m[32m[Nest] 22404  - [39m02-04-2026, 5:12:17 p.┬ám. [32m    LOG[39m [38;5;3m[RouterExplorer] [39m[32mMapped {/api/v1/budgets/project/:projectId/summary, GET} route[39m[38;5;3m +0ms[39m
[2m[WebServer] [22m[35m@bm-build-manage/api:dev: [0m[32m[Nest] 22404  - [39m02-04-2026, 5:12:17 p.┬ám. [32m    LOG[39m [38;5;3m[RouterExplorer] [39m[32mMapped {/api/v1/budgets/:id, PATCH} route[39m[38;5;3m +0ms[39m
[2m[WebServer] [22m[35m@bm-build-manage/api:dev: [0m[32m[Nest] 22404  - [39m02-04-2026, 5:12:17 p.┬ám. [32m    LOG[39m [38;5;3m[RouterExplorer] [39m[32mMapped {/api/v1/budgets/:id/revision, POST} route[39m[38;5;3m +0ms[39m
[2m[WebServer] [22m[35m@bm-build-manage/api:dev: [0m[32m[Nest] 22404  - [39m02-04-2026, 5:12:17 p.┬ám. [32m    LOG[39m [38;5;3m[RouterExplorer] [39m[32mMapped {/api/v1/budgets/:id/export/excel, GET} route[39m[38;5;3m +1ms[39m
[2m[WebServer] [22m[35m@bm-build-manage/api:dev: [0m[32m[Nest] 22404  - [39m02-04-2026, 5:12:17 p.┬ám. [32m    LOG[39m [38;5;3m[RouterExplorer] [39m[32mMapped {/api/v1/budgets/:id, DELETE} route[39m[38;5;3m +0ms[39m
[2m[WebServer] [22m[35m@bm-build-manage/api:dev: [0m[32m[Nest] 22404  - [39m02-04-2026, 5:12:17 p.┬ám. [32m    LOG[39m [38;5;3m[RoutesResolver] [39m[32mStagesController {/api/v1/stages}:[39m[38;5;3m +0ms[39m
[2m[WebServer] [22m[35m@bm-build-manage/api:dev: [0m[32m[Nest] 22404  - [39m02-04-2026, 5:12:17 p.┬ám. [32m    LOG[39m [38;5;3m[RouterExplorer] [39m[32mMapped {/api/v1/stages, POST} route[39m[38;5;3m +0ms[39m
[2m[WebServer] [22m[35m@bm-build-manage/api:dev: [0m[32m[Nest] 22404  - [39m02-04-2026, 5:12:17 p.┬ám. [32m    LOG[39m [38;5;3m[RouterExplorer] [39m[32mMapped {/api/v1/stages, GET} route[39m[38;5;3m +0ms[39m
[2m[WebServer] [22m[35m@bm-build-manage/api:dev: [0m[32m[Nest] 22404  - [39m02-04-2026, 5:12:17 p.┬ám. [32m    LOG[39m [38;5;3m[RouterExplorer] [39m[32mMapped {/api/v1/stages/:id, GET} route[39m[38;5;3m +0ms[39m
[2m[WebServer] [22m[35m@bm-build-manage/api:dev: [0m[32m[Nest] 22404  - [39m02-04-2026, 5:12:17 p.┬ám. [32m    LOG[39m [38;5;3m[RouterExplorer] [39m[32mMapped {/api/v1/stages/:id, PATCH} route[39m[38;5;3m +0ms[39m
[2m[WebServer] [22m[35m@bm-build-manage/api:dev: [0m[32m[Nest] 22404  - [39m02-04-2026, 5:12:17 p.┬ám. [32m    LOG[39m [38;5;3m[RouterExplorer] [39m[32mMapped {/api/v1/stages/:id, DELETE} route[39m[38;5;3m +0ms[39m
[2m[WebServer] [22m[35m@bm-build-manage/api:dev: [0m[32m[Nest] 22404  - [39m02-04-2026, 5:12:17 p.┬ám. [32m    LOG[39m [38;5;3m[RoutesResolver] [39m[32mItemsController {/api/v1/items}:[39m[38;5;3m +0ms[39m
[2m[WebServer] [22m[35m@bm-build-manage/api:dev: [0m[32m[Nest] 22404  - [39m02-04-2026, 5:12:17 p.┬ám. [32m    LOG[39m [38;5;3m[RouterExplorer] [39m[32mMapped {/api/v1/items, POST} route[39m[38;5;3m +0ms[39m
[2m[WebServer] [22m[35m@bm-build-manage/api:dev: [0m[32m[Nest] 22404  - [39m02-04-2026, 5:12:17 p.┬ám. [32m    LOG[39m [38;5;3m[RouterExplorer] [39m[32mMapped {/api/v1/items, GET} route[39m[38;5;3m +0ms[39m
[2m[WebServer] [22m[35m@bm-build-manage/api:dev: [0m[32m[Nest] 22404  - [39m02-04-2026, 5:12:17 p.┬ám. [32m    LOG[39m [38;5;3m[RouterExplorer] [39m[32mMapped {/api/v1/items/:id, GET} route[39m[38;5;3m +1ms[39m
[2m[WebServer] [22m[35m@bm-build-manage/api:dev: [0m[32m[Nest] 22404  - [39m02-04-2026, 5:12:17 p.┬ám. [32m    LOG[39m [38;5;3m[RouterExplorer] [39m[32mMapped {/api/v1/items/:id, PATCH} route[39m[38;5;3m +0ms[39m
[2m[WebServer] [22m[35m@bm-build-manage/api:dev: [0m[32m[Nest] 22404  - [39m02-04-2026, 5:12:17 p.┬ám. [32m    LOG[39m [38;5;3m[RouterExplorer] [39m[32mMapped {/api/v1/items/:id, DELETE} route[39m[38;5;3m +0ms[39m
[2m[WebServer] [22m[35m@bm-build-manage/api:dev: [0m[32m[Nest] 22404  - [39m02-04-2026, 5:12:17 p.┬ám. [32m    LOG[39m [38;5;3m[RoutesResolver] [39m[32mExpensesController {/api/v1/expenses}:[39m[38;5;3m +0ms[39m
[2m[WebServer] [22m[35m@bm-build-manage/api:dev: [0m[32m[Nest] 22404  - [39m02-04-2026, 5:12:17 p.┬ám. [32m    LOG[39m [38;5;3m[RouterExplorer] [39m[32mMapped {/api/v1/expenses, POST} route[39m[38;5;3m +0ms[39m
[2m[WebServer] [22m[35m@bm-build-manage/api:dev: [0m[32m[Nest] 22404  - [39m02-04-2026, 5:12:17 p.┬ám. [32m    LOG[39m [38;5;3m[RouterExplorer] [39m[32mMapped {/api/v1/expenses, GET} route[39m[38;5;3m +0ms[39m
[2m[WebServer] [22m[35m@bm-build-manage/api:dev: [0m[32m[Nest] 22404  - [39m02-04-2026, 5:12:17 p.┬ám. [32m    LOG[39m [38;5;3m[RouterExplorer] [39m[32mMapped {/api/v1/expenses/summary/:projectId, GET} route[39m[38;5;3m +0ms[39m
[2m[WebServer] [22m[35m@bm-build-manage/api:dev: [0m[32m[Nest] 22404  - [39m02-04-2026, 5:12:17 p.┬ám. [32m    LOG[39m [38;5;3m[RouterExplorer] [39m[32mMapped {/api/v1/expenses/:id, GET} route[39m[38;5;3m +0ms[39m
[2m[WebServer] [22m[35m@bm-build-manage/api:dev: [0m[32m[Nest] 22404  - [39m02-04-2026, 5:12:17 p.┬ám. [32m    LOG[39m [38;5;3m[RouterExplorer] [39m[32mMapped {/api/v1/expenses/:id, PATCH} route[39m[38;5;3m +0ms[39m
[2m[WebServer] [22m[35m@bm-build-manage/api:dev: [0m[32m[Nest] 22404  - [39m02-04-2026, 5:12:17 p.┬ám. [32m    LOG[39m [38;5;3m[RouterExplorer] [39m[32mMapped {/api/v1/expenses/:id, DELETE} route[39m[38;5;3m +0ms[39m
[2m[WebServer] [22m[35m@bm-build-manage/api:dev: [0m[32m[Nest] 22404  - [39m02-04-2026, 5:12:17 p.┬ám. [32m    LOG[39m [38;5;3m[RoutesResolver] [39m[32mWorkersController {/api/v1/workers}:[39m[38;5;3m +0ms[39m
[2m[WebServer] [22m[35m@bm-build-manage/api:dev: [0m[32m[Nest] 22404  - [39m02-04-2026, 5:12:17 p.┬ám. [32m    LOG[39m [38;5;3m[RouterExplorer] [39m[32mMapped {/api/v1/workers, POST} route[39m[38;5;3m +0ms[39m
[2m[WebServer] [22m[35m@bm-build-manage/api:dev: [0m[32m[Nest] 22404  - [39m02-04-2026, 5:12:17 p.┬ám. [32m    LOG[39m [38;5;3m[RouterExplorer] [39m[32mMapped {/api/v1/workers, GET} route[39m[38;5;3m +1ms[39m
[2m[WebServer] [22m[35m@bm-build-manage/api:dev: [0m[32m[Nest] 22404  - [39m02-04-2026, 5:12:17 p.┬ám. [32m    LOG[39m [38;5;3m[RouterExplorer] [39m[32mMapped {/api/v1/workers/:id, GET} route[39m[38;5;3m +0ms[39m
[2m[WebServer] [22m[35m@bm-build-manage/api:dev: [0m[32m[Nest] 22404  - [39m02-04-2026, 5:12:17 p.┬ám. [32m    LOG[39m [38;5;3m[RouterExplorer] [39m[32mMapped {/api/v1/workers/:id, PATCH} route[39m[38;5;3m +0ms[39m
[2m[WebServer] [22m[35m@bm-build-manage/api:dev: [0m[32m[Nest] 22404  - [39m02-04-2026, 5:12:17 p.┬ám. [32m    LOG[39m [38;5;3m[RouterExplorer] [39m[32mMapped {/api/v1/workers/:id, DELETE} route[39m[38;5;3m +0ms[39m
[2m[WebServer] [22m[35m@bm-build-manage/api:dev: [0m[32m[Nest] 22404  - [39m02-04-2026, 5:12:17 p.┬ám. [32m    LOG[39m [38;5;3m[RoutesResolver] [39m[32mWorkerAssignmentsController {/api/v1/worker-assignments}:[39m[38;5;3m +0ms[39m
[2m[WebServer] [22m[35m@bm-build-manage/api:dev: [0m[32m[Nest] 22404  - [39m02-04-2026, 5:12:17 p.┬ám. [32m    LOG[39m [38;5;3m[RouterExplorer] [39m[32mMapped {/api/v1/worker-assignments, POST} route[39m[38;5;3m +0ms[39m
[2m[WebServer] [22m[35m@bm-build-manage/api:dev: [0m[32m[Nest] 22404  - [39m02-04-2026, 5:12:17 p.┬ám. [32m    LOG[39m [38;5;3m[RouterExplorer] [39m[32mMapped {/api/v1/worker-assignments, GET} route[39m[38;5;3m +0ms[39m
[2m[WebServer] [22m[35m@bm-build-manage/api:dev: [0m[32m[Nest] 22404  - [39m02-04-2026, 5:12:17 p.┬ám. [32m    LOG[39m [38;5;3m[RouterExplorer] [39m[32mMapped {/api/v1/worker-assignments/summary/:projectId, GET} route[39m[38;5;3m +0ms[39m
[2m[WebServer] [22m[35m@bm-build-manage/api:dev: [0m[32m[Nest] 22404  - [39m02-04-2026, 5:12:17 p.┬ám. [32m    LOG[39m [38;5;3m[RouterExplorer] [39m[32mMapped {/api/v1/worker-assignments/:id, GET} route[39m[38;5;3m +0ms[39m
[2m[WebServer] [22m[35m@bm-build-manage/api:dev: [0m[32m[Nest] 22404  - [39m02-04-2026, 5:12:17 p.┬ám. [32m    LOG[39m [38;5;3m[RouterExplorer] [39m[32mMapped {/api/v1/worker-assignments/:id, PATCH} route[39m[38;5;3m +0ms[39m
[2m[WebServer] [22m[35m@bm-build-manage/api:dev: [0m[32m[Nest] 22404  - [39m02-04-2026, 5:12:17 p.┬ám. [32m    LOG[39m [38;5;3m[RouterExplorer] [39m[32mMapped {/api/v1/worker-assignments/:id, DELETE} route[39m[38;5;3m +0ms[39m
[2m[WebServer] [22m[35m@bm-build-manage/api:dev: [0m[32m[Nest] 22404  - [39m02-04-2026, 5:12:17 p.┬ám. [32m    LOG[39m [38;5;3m[RoutesResolver] [39m[32mWorkerPaymentsController {/api/v1/worker-payments}:[39m[38;5;3m +0ms[39m
[2m[WebServer] [22m[35m@bm-build-manage/api:dev: [0m[32m[Nest] 22404  - [39m02-04-2026, 5:12:17 p.┬ám. [32m    LOG[39m [38;5;3m[RouterExplorer] [39m[32mMapped {/api/v1/worker-payments, POST} route[39m[38;5;3m +0ms[39m
[2m[WebServer] [22m[35m@bm-build-manage/api:dev: [0m[32m[Nest] 22404  - [39m02-04-2026, 5:12:17 p.┬ám. [32m    LOG[39m [38;5;3m[RouterExplorer] [39m[32mMapped {/api/v1/worker-payments, GET} route[39m[38;5;3m +0ms[39m
[2m[WebServer] [22m[35m@bm-build-manage/api:dev: [0m[32m[Nest] 22404  - [39m02-04-2026, 5:12:17 p.┬ám. [32m    LOG[39m [38;5;3m[RouterExplorer] [39m[32mMapped {/api/v1/worker-payments/:id, GET} route[39m[38;5;3m +1ms[39m
[2m[WebServer] [22m[35m@bm-build-manage/api:dev: [0m[32m[Nest] 22404  - [39m02-04-2026, 5:12:17 p.┬ám. [32m    LOG[39m [38;5;3m[RouterExplorer] [39m[32mMapped {/api/v1/worker-payments/:id, PATCH} route[39m[38;5;3m +0ms[39m
[2m[WebServer] [22m[35m@bm-build-manage/api:dev: [0m[32m[Nest] 22404  - [39m02-04-2026, 5:12:17 p.┬ám. [32m    LOG[39m [38;5;3m[RouterExplorer] [39m[32mMapped {/api/v1/worker-payments/:id, DELETE} route[39m[38;5;3m +0ms[39m
[2m[WebServer] [22m[35m@bm-build-manage/api:dev: [0m[32m[Nest] 22404  - [39m02-04-2026, 5:12:17 p.┬ám. [32m    LOG[39m [38;5;3m[RoutesResolver] [39m[32mTemplatesController {/api/v1/templates}:[39m[38;5;3m +0ms[39m
[2m[WebServer] [22m[35m@bm-build-manage/api:dev: [0m[32m[Nest] 22404  - [39m02-04-2026, 5:12:17 p.┬ám. [32m    LOG[39m [38;5;3m[RouterExplorer] [39m[32mMapped {/api/v1/templates, POST} route[39m[38;5;3m +0ms[39m
[2m[WebServer] [22m[35m@bm-build-manage/api:dev: [0m[32m[Nest] 22404  - [39m02-04-2026, 5:12:17 p.┬ám. [32m    LOG[39m [38;5;3m[RouterExplorer] [39m[32mMapped {/api/v1/templates, GET} route[39m[38;5;3m +0ms[39m
[2m[WebServer] [22m[35m@bm-build-manage/api:dev: [0m[32m[Nest] 22404  - [39m02-04-2026, 5:12:17 p.┬ám. [32m    LOG[39m [38;5;3m[RouterExplorer] [39m[32mMapped {/api/v1/templates/:id, GET} route[39m[38;5;3m +0ms[39m
[2m[WebServer] [22m[35m@bm-build-manage/api:dev: [0m[32m[Nest] 22404  - [39m02-04-2026, 5:12:17 p.┬ám. [32m    LOG[39m [38;5;3m[RouterExplorer] [39m[32mMapped {/api/v1/templates/:id, PATCH} route[39m[38;5;3m +0ms[39m
[2m[WebServer] [22m[35m@bm-build-manage/api:dev: [0m[32m[Nest] 22404  - [39m02-04-2026, 5:12:17 p.┬ám. [32m    LOG[39m [38;5;3m[RouterExplorer] [39m[32mMapped {/api/v1/templates/:id, DELETE} route[39m[38;5;3m +1ms[39m
[2m[WebServer] [22m[35m@bm-build-manage/api:dev: [0m[32m[Nest] 22404  - [39m02-04-2026, 5:12:17 p.┬ám. [32m    LOG[39m [38;5;3m[RoutesResolver] [39m[32mDocumentsController {/api/v1/documents}:[39m[38;5;3m +0ms[39m
[2m[WebServer] [22m[35m@bm-build-manage/api:dev: [0m[32m[Nest] 22404  - [39m02-04-2026, 5:12:17 p.┬ám. [32m    LOG[39m [38;5;3m[RouterExplorer] [39m[32mMapped {/api/v1/documents, POST} route[39m[38;5;3m +0ms[39m
[2m[WebServer] [22m[35m@bm-build-manage/api:dev: [0m[32m[Nest] 22404  - [39m02-04-2026, 5:12:17 p.┬ám. [32m    LOG[39m [38;5;3m[RouterExplorer] [39m[32mMapped {/api/v1/documents, GET} route[39m[38;5;3m +0ms[39m
[2m[WebServer] [22m[35m@bm-build-manage/api:dev: [0m[32m[Nest] 22404  - [39m02-04-2026, 5:12:17 p.┬ám. [32m    LOG[39m [38;5;3m[RouterExplorer] [39m[32mMapped {/api/v1/documents/:id, GET} route[39m[38;5;3m +0ms[39m
[2m[WebServer] [22m[35m@bm-build-manage/api:dev: [0m[32m[Nest] 22404  - [39m02-04-2026, 5:12:17 p.┬ám. [32m    LOG[39m [38;5;3m[RouterExplorer] [39m[32mMapped {/api/v1/documents/:id, PATCH} route[39m[38;5;3m +0ms[39m
[2m[WebServer] [22m[35m@bm-build-manage/api:dev: [0m[32m[Nest] 22404  - [39m02-04-2026, 5:12:17 p.┬ám. [32m    LOG[39m [38;5;3m[RouterExplorer] [39m[32mMapped {/api/v1/documents/:id, DELETE} route[39m[38;5;3m +0ms[39m
[2m[WebServer] [22m[35m@bm-build-manage/api:dev: [0m[32m[Nest] 22404  - [39m02-04-2026, 5:12:17 p.┬ám. [32m    LOG[39m [38;5;3m[RoutesResolver] [39m[32mMachineryController {/api/v1/machinery}:[39m[38;5;3m +0ms[39m
[2m[WebServer] [22m[35m@bm-build-manage/api:dev: [0m[32m[Nest] 22404  - [39m02-04-2026, 5:12:17 p.┬ám. [32m    LOG[39m [38;5;3m[RouterExplorer] [39m[32mMapped {/api/v1/machinery, POST} route[39m[38;5;3m +0ms[39m
[2m[WebServer] [22m[35m@bm-build-manage/api:dev: [0m[32m[Nest] 22404  - [39m02-04-2026, 5:12:17 p.┬ám. [32m    LOG[39m [38;5;3m[RouterExplorer] [39m[32mMapped {/api/v1/machinery, GET} route[39m[38;5;3m +0ms[39m
[2m[WebServer] [22m[35m@bm-build-manage/api:dev: [0m[32m[Nest] 22404  - [39m02-04-2026, 5:12:17 p.┬ám. [32m    LOG[39m [38;5;3m[RouterExplorer] [39m[32mMapped {/api/v1/machinery/:id, GET} route[39m[38;5;3m +0ms[39m
[2m[WebServer] [22m[35m@bm-build-manage/api:dev: [0m[32m[Nest] 22404  - [39m02-04-2026, 5:12:17 p.┬ám. [32m    LOG[39m [38;5;3m[RouterExplorer] [39m[32mMapped {/api/v1/machinery/:id, DELETE} route[39m[38;5;3m +0ms[39m
[2m[WebServer] [22m[35m@bm-build-manage/api:dev: [0m[32m[Nest] 22404  - [39m02-04-2026, 5:12:17 p.┬ám. [32m    LOG[39m [38;5;3m[RoutesResolver] [39m[32mMaterialsController {/api/v1/materials}:[39m[38;5;3m +1ms[39m
[2m[WebServer] [22m[35m@bm-build-manage/api:dev: [0m[32m[Nest] 22404  - [39m02-04-2026, 5:12:17 p.┬ám. [32m    LOG[39m [38;5;3m[RouterExplorer] [39m[32mMapped {/api/v1/materials, POST} route[39m[38;5;3m +0ms[39m
[2m[WebServer] [22m[35m@bm-build-manage/api:dev: [0m[32m[Nest] 22404  - [39m02-04-2026, 5:12:17 p.┬ám. [32m    LOG[39m [38;5;3m[RouterExplorer] [39m[32mMapped {/api/v1/materials, GET} route[39m[38;5;3m +0ms[39m
[2m[WebServer] [22m[35m@bm-build-manage/api:dev: [0m[32m[Nest] 22404  - [39m02-04-2026, 5:12:17 p.┬ám. [32m    LOG[39m [38;5;3m[RouterExplorer] [39m[32mMapped {/api/v1/materials/:id, GET} route[39m[38;5;3m +0ms[39m
[2m[WebServer] [22m[35m@bm-build-manage/api:dev: [0m[32m[Nest] 22404  - [39m02-04-2026, 5:12:17 p.┬ám. [32m    LOG[39m [38;5;3m[RouterExplorer] [39m[32mMapped {/api/v1/materials/:id, DELETE} route[39m[38;5;3m +0ms[39m
[2m[WebServer] [22m[35m@bm-build-manage/api:dev: [0m[32m[Nest] 22404  - [39m02-04-2026, 5:12:17 p.┬ám. [32m    LOG[39m [38;5;3m[RoutesResolver] [39m[32mInvoicesController {/api/v1/invoices}:[39m[38;5;3m +0ms[39m
[2m[WebServer] [22m[35m@bm-build-manage/api:dev: [0m[32m[Nest] 22404  - [39m02-04-2026, 5:12:17 p.┬ám. [32m    LOG[39m [38;5;3m[RouterExplorer] [39m[32mMapped {/api/v1/invoices, POST} route[39m[38;5;3m +0ms[39m
[2m[WebServer] [22m[35m@bm-build-manage/api:dev: [0m[32m[Nest] 22404  - [39m02-04-2026, 5:12:17 p.┬ám. [32m    LOG[39m [38;5;3m[RouterExplorer] [39m[32mMapped {/api/v1/invoices, GET} route[39m[38;5;3m +0ms[39m
[2m[WebServer] [22m[35m@bm-build-manage/api:dev: [0m[32m[Nest] 22404  - [39m02-04-2026, 5:12:17 p.┬ám. [32m    LOG[39m [38;5;3m[RouterExplorer] [39m[32mMapped {/api/v1/invoices/:id, GET} route[39m[38;5;3m +0ms[39m
[2m[WebServer] [22m[35m@bm-build-manage/api:dev: [0m[32m[Nest] 22404  - [39m02-04-2026, 5:12:17 p.┬ám. [32m    LOG[39m [38;5;3m[RouterExplorer] [39m[32mMapped {/api/v1/invoices/:id, DELETE} route[39m[38;5;3m +0ms[39m
[2m[WebServer] [22m[35m@bm-build-manage/api:dev: [0m[32m[Nest] 22404  - [39m02-04-2026, 5:12:17 p.┬ám. [32m    LOG[39m [38;5;3m[RoutesResolver] [39m[32mResourcesController {/api/v1/resources}:[39m[38;5;3m +0ms[39m
[2m[WebServer] [22m[35m@bm-build-manage/api:dev: [0m[32m[Nest] 22404  - [39m02-04-2026, 5:12:17 p.┬ám. [32m    LOG[39m [38;5;3m[RouterExplorer] [39m[32mMapped {/api/v1/resources, POST} route[39m[38;5;3m +1ms[39m
[2m[WebServer] [22m[35m@bm-build-manage/api:dev: [0m[32m[Nest] 22404  - [39m02-04-2026, 5:12:17 p.┬ám. [32m    LOG[39m [38;5;3m[RouterExplorer] [39m[32mMapped {/api/v1/resources/bulk, POST} route[39m[38;5;3m +0ms[39m
[2m[WebServer] [22m[35m@bm-build-manage/api:dev: [0m[32m[Nest] 22404  - [39m02-04-2026, 5:12:17 p.┬ám. [32m    LOG[39m [38;5;3m[RouterExplorer] [39m[32mMapped {/api/v1/resources, GET} route[39m[38;5;3m +0ms[39m
[2m[WebServer] [22m[35m@bm-build-manage/api:dev: [0m[32m[Nest] 22404  - [39m02-04-2026, 5:12:17 p.┬ám. [32m    LOG[39m [38;5;3m[RouterExplorer] [39m[32mMapped {/api/v1/resources/:id, GET} route[39m[38;5;3m +0ms[39m
[2m[WebServer] [22m[35m@bm-build-manage/api:dev: [0m[32m[Nest] 22404  - [39m02-04-2026, 5:12:17 p.┬ám. [32m    LOG[39m [38;5;3m[RouterExplorer] [39m[32mMapped {/api/v1/resources/:id/history, GET} route[39m[38;5;3m +0ms[39m
[2m[WebServer] [22m[35m@bm-build-manage/api:dev: [0m[32m[Nest] 22404  - [39m02-04-2026, 5:12:17 p.┬ám. [32m    LOG[39m [38;5;3m[RouterExplorer] [39m[32mMapped {/api/v1/resources/:id, PATCH} route[39m[38;5;3m +0ms[39m
[2m[WebServer] [22m[35m@bm-build-manage/api:dev: [0m[32m[Nest] 22404  - [39m02-04-2026, 5:12:17 p.┬ám. [32m    LOG[39m [38;5;3m[RouterExplorer] [39m[32mMapped {/api/v1/resources/:id, DELETE} route[39m[38;5;3m +0ms[39m
[2m[WebServer] [22m[35m@bm-build-manage/api:dev: [0m[32m[Nest] 22404  - [39m02-04-2026, 5:12:17 p.┬ám. [32m    LOG[39m [38;5;3m[RoutesResolver] [39m[32mApuController {/api/v1/apu}:[39m[38;5;3m +0ms[39m
[2m[WebServer] [22m[35m@bm-build-manage/api:dev: [0m[32m[Nest] 22404  - [39m02-04-2026, 5:12:17 p.┬ám. [32m    LOG[39m [38;5;3m[RouterExplorer] [39m[32mMapped {/api/v1/apu, POST} route[39m[38;5;3m +0ms[39m
[2m[WebServer] [22m[35m@bm-build-manage/api:dev: [0m[32m[Nest] 22404  - [39m02-04-2026, 5:12:17 p.┬ám. [32m    LOG[39m [38;5;3m[RouterExplorer] [39m[32mMapped {/api/v1/apu/import, POST} route[39m[38;5;3m +1ms[39m
[2m[WebServer] [22m[35m@bm-build-manage/api:dev: [0m[32m[Nest] 22404  - [39m02-04-2026, 5:12:17 p.┬ám. [32m    LOG[39m [38;5;3m[RouterExplorer] [39m[32mMapped {/api/v1/apu, GET} route[39m[38;5;3m +0ms[39m
[2m[WebServer] [22m[35m@bm-build-manage/api:dev: [0m[32m[Nest] 22404  - [39m02-04-2026, 5:12:17 p.┬ám. [32m    LOG[39m [38;5;3m[RouterExplorer] [39m[32mMapped {/api/v1/apu/:id, GET} route[39m[38;5;3m +0ms[39m
[2m[WebServer] [22m[35m@bm-build-manage/api:dev: [0m[32m[Nest] 22404  - [39m02-04-2026, 5:12:17 p.┬ám. [32m    LOG[39m [38;5;3m[RouterExplorer] [39m[32mMapped {/api/v1/apu/:id/duplicate, POST} route[39m[38;5;3m +0ms[39m
[2m[WebServer] [22m[35m@bm-build-manage/api:dev: [0m[32m[Nest] 22404  - [39m02-04-2026, 5:12:17 p.┬ám. [32m    LOG[39m [38;5;3m[RouterExplorer] [39m[32mMapped {/api/v1/apu/:id, PATCH} route[39m[38;5;3m +0ms[39m
[2m[WebServer] [22m[35m@bm-build-manage/api:dev: [0m[32m[Nest] 22404  - [39m02-04-2026, 5:12:17 p.┬ám. [32m    LOG[39m [38;5;3m[RouterExplorer] [39m[32mMapped {/api/v1/apu/:id, DELETE} route[39m[38;5;3m +0ms[39m
[2m[WebServer] [22m[35m@bm-build-manage/api:dev: [0m[32m[Nest] 22404  - [39m02-04-2026, 5:12:17 p.┬ám. [32m    LOG[39m [38;5;3m[RoutesResolver] [39m[32mExecutionController {/api/v1/execution-logs}:[39m[38;5;3m +0ms[39m
[2m[WebServer] [22m[35m@bm-build-manage/api:dev: [0m[32m[Nest] 22404  - [39m02-04-2026, 5:12:17 p.┬ám. [32m    LOG[39m [38;5;3m[RouterExplorer] [39m[32mMapped {/api/v1/execution-logs, POST} route[39m[38;5;3m +0ms[39m
[2m[WebServer] [22m[35m@bm-build-manage/api:dev: [0m[32m[Nest] 22404  - [39m02-04-2026, 5:12:17 p.┬ám. [32m    LOG[39m [38;5;3m[RouterExplorer] [39m[32mMapped {/api/v1/execution-logs/by-item/:itemId, GET} route[39m[38;5;3m +1ms[39m
[2m[WebServer] [22m[35m@bm-build-manage/api:dev: [0m[32m[Nest] 22404  - [39m02-04-2026, 5:12:17 p.┬ám. [32m    LOG[39m [38;5;3m[RouterExplorer] [39m[32mMapped {/api/v1/execution-logs/by-budget/:budgetId, GET} route[39m[38;5;3m +0ms[39m
[2m[WebServer] [22m[35m@bm-build-manage/api:dev: [0m[32m[Nest] 22404  - [39m02-04-2026, 5:12:17 p.┬ám. [32m    LOG[39m [38;5;3m[RouterExplorer] [39m[32mMapped {/api/v1/execution-logs/:id, DELETE} route[39m[38;5;3m +0ms[39m
[2m[WebServer] [22m[35m@bm-build-manage/api:dev: [0m[32m[Nest] 22404  - [39m02-04-2026, 5:12:17 p.┬ám. [32m    LOG[39m [38;5;3m[RoutesResolver] [39m[32mContingenciesController {/api/v1/contingencies}:[39m[38;5;3m +0ms[39m
[2m[WebServer] [22m[35m@bm-build-manage/api:dev: [0m[32m[Nest] 22404  - [39m02-04-2026, 5:12:17 p.┬ám. [32m    LOG[39m [38;5;3m[RouterExplorer] [39m[32mMapped {/api/v1/contingencies, POST} route[39m[38;5;3m +0ms[39m
[2m[WebServer] [22m[35m@bm-build-manage/api:dev: [0m[32m[Nest] 22404  - [39m02-04-2026, 5:12:17 p.┬ám. [32m    LOG[39m [38;5;3m[RouterExplorer] [39m[32mMapped {/api/v1/contingencies/by-project/:projectId, GET} route[39m[38;5;3m +0ms[39m
[2m[WebServer] [22m[35m@bm-build-manage/api:dev: [0m[32m[Nest] 22404  - [39m02-04-2026, 5:12:17 p.┬ám. [32m    LOG[39m [38;5;3m[RouterExplorer] [39m[32mMapped {/api/v1/contingencies/summary/:projectId, GET} route[39m[38;5;3m +0ms[39m
[2m[WebServer] [22m[35m@bm-build-manage/api:dev: [0m[32m[Nest] 22404  - [39m02-04-2026, 5:12:17 p.┬ám. [32m    LOG[39m [38;5;3m[RouterExplorer] [39m[32mMapped {/api/v1/contingencies/total/:projectId, GET} route[39m[38;5;3m +0ms[39m
[2m[WebServer] [22m[35m@bm-build-manage/api:dev: [0m[32m[Nest] 22404  - [39m02-04-2026, 5:12:17 p.┬ám. [32m    LOG[39m [38;5;3m[RouterExplorer] [39m[32mMapped {/api/v1/contingencies/:id, DELETE} route[39m[38;5;3m +0ms[39m
[2m[WebServer] [22m[35m@bm-build-manage/api:dev: [0m[32m[Nest] 22404  - [39m02-04-2026, 5:12:17 p.┬ám. [32m    LOG[39m [38;5;3m[RoutesResolver] [39m[32mUnitsController {/api/v1/units}:[39m[38;5;3m +0ms[39m
[2m[WebServer] [22m[35m@bm-build-manage/api:dev: [0m[32m[Nest] 22404  - [39m02-04-2026, 5:12:17 p.┬ám. [32m    LOG[39m [38;5;3m[RouterExplorer] [39m[32mMapped {/api/v1/units, GET} route[39m[38;5;3m +0ms[39m
[2m[WebServer] [22m[35m@bm-build-manage/api:dev: [0m[32m[Nest] 22404  - [39m02-04-2026, 5:12:17 p.┬ám. [32m    LOG[39m [38;5;3m[RouterExplorer] [39m[32mMapped {/api/v1/units/:id, GET} route[39m[38;5;3m +0ms[39m
[2m[WebServer] [22m[35m@bm-build-manage/api:dev: [0m[32m[Nest] 22404  - [39m02-04-2026, 5:12:17 p.┬ám. [32m    LOG[39m [38;5;3m[RouterExplorer] [39m[32mMapped {/api/v1/units, POST} route[39m[38;5;3m +0ms[39m
[2m[WebServer] [22m[35m@bm-build-manage/api:dev: [0m[32m[Nest] 22404  - [39m02-04-2026, 5:12:17 p.┬ám. [32m    LOG[39m [38;5;3m[RoutesResolver] [39m[32mSeedController {/api/v1/seed}:[39m[38;5;3m +1ms[39m
[2m[WebServer] [22m[35m@bm-build-manage/api:dev: [0m[32m[Nest] 22404  - [39m02-04-2026, 5:12:17 p.┬ám. [32m    LOG[39m [38;5;3m[RouterExplorer] [39m[32mMapped {/api/v1/seed, POST} route[39m[38;5;3m +0ms[39m
[2m[WebServer] [22m[35m@bm-build-manage/api:dev: [0m[32m[Nest] 22404  - [39m02-04-2026, 5:12:17 p.┬ám. [32m    LOG[39m [38;5;3m[RouterExplorer] [39m[32mMapped {/api/v1/seed/status, GET} route[39m[38;5;3m +0ms[39m
[2m[WebServer] [22m[35m@bm-build-manage/api:dev: [0m[32m[Nest] 22404  - [39m02-04-2026, 5:12:17 p.┬ám. [32m    LOG[39m [38;5;3m[RoutesResolver] [39m[32mAuditLogsController {/api/v1/audit-logs}:[39m[38;5;3m +0ms[39m
[2m[WebServer] [22m[35m@bm-build-manage/api:dev: [0m[32m[Nest] 22404  - [39m02-04-2026, 5:12:17 p.┬ám. [32m    LOG[39m [38;5;3m[RouterExplorer] [39m[32mMapped {/api/v1/audit-logs, GET} route[39m[38;5;3m +0ms[39m
[2m[WebServer] [22m[35m@bm-build-manage/api:dev: [0m[32m[Nest] 22404  - [39m02-04-2026, 5:12:17 p.┬ám. [32m    LOG[39m [38;5;3m[RouterExplorer] [39m[32mMapped {/api/v1/audit-logs/by-entity, GET} route[39m[38;5;3m +0ms[39m
[2m[WebServer] [22m[35m@bm-build-manage/api:dev: [0m[32m[Nest] 22404  - [39m02-04-2026, 5:12:17 p.┬ám. [32m    LOG[39m [38;5;3m[RouterExplorer] [39m[32mMapped {/api/v1/audit-logs/project/:projectId, GET} route[39m[38;5;3m +0ms[39m
[2m[WebServer] [22m[35m@bm-build-manage/api:dev: [0m[90m[4mquery:[24m[39m [94mSELECT[0m [95mCOUNT[0m[37m([0m[32m1[0m[37m)[0m [94mAS[0m [37m"cnt"[0m [94mFROM[0m [37m"units"[0m [37m"Unit"[0m
[2m[WebServer] [22m[35m@bm-build-manage/api:dev: [0m[32m[Nest] 22404  - [39m02-04-2026, 5:12:17 p.┬ám. [32m    LOG[39m [38;5;3m[NestApplication] [39m[32mNest application successfully started[39m[38;5;3m +69ms[39m
[2m[WebServer] [22m[35m@bm-build-manage/api:dev: [0m­ƒÜÇ API running on http://localhost:3001/api/v1
[2m[WebServer] [22m[35m@bm-build-manage/api:dev: [0m[90m[4mquery:[24m[39m [94mSELECT DISTINCT[0m [37m"distinctAlias"[0m[37m.[0m[37m"Budget_id"[0m [94mAS[0m [37m"ids_Budget_id"[0m [94mFROM[0m [37m([0m[94mSELECT[0m [37m"Budget"[0m[37m.[0m[37m"id"[0m [94mAS[0m [37m"Budget_id"[0m[37m,[0m [37m"Budget"[0m[37m.[0m[37m"project_id"[0m [94mAS[0m [37m"Budget_project_id"[0m[37m,[0m [37m"Budget"[0m[37m.[0m[37m"version"[0m [94mAS[0m [37m"Budget_version"[0m[37m,[0m [37m"Budget"[0m[37m.[0m[37m"status"[0m [94mAS[0m [37m"Budget_status"[0m[37m,[0m [37m"Budget"[0m[37m.[0m[37m"is_active"[0m [94mAS[0m [37m"Budget_is_active"[0m[37m,[0m [37m"Budget"[0m[37m.[0m[37m"notes"[0m [94mAS[0m [37m"Budget_notes"[0m[37m,[0m [37m"Budget"[0m[37m.[0m[37m"rejection_reason"[0m [94mAS[0m [37m"Budget_rejection_reason"[0m[37m,[0m [37m"Budget"[0m[37m.[0m[37m"total_estimated_cost"[0m [94mAS[0m [37m"Budget_total_estimated_cost"[0m[37m,[0m [37m"Budget"[0m[37m.[0m[37m"total_estimated_price"[0m [94mAS[0m [37m"Budget_total_estimated_price"[0m[37m,[0m [37m"Budget"[0m[37m.[0m[37m"professional_fee_percentage"[0m [94mAS[0m [37m"Budget_professional_fee_percentage"[0m[37m,[0m [37m"Budget"[0m[37m.[0m[37m"estimated_utility"[0m [94mAS[0m [37m"Budget_estimated_utility"[0m[37m,[0m [37m"Budget"[0m[37m.[0m[37m"created_at"[0m [94mAS[0m [37m"Budget_created_at"[0m[37m,[0m [37m"Budget"[0m[37m.[0m[37m"updated_at"[0m [94mAS[0m [37m"Budget_updated_at"[0m[37m,[0m [37m"Budget__Budget_stages"[0m[37m.[0m[37m"id"[0m [94mAS[0m [37m"Budget__Budget_stages_id"[0m[37m,[0m [37m"Budget__Budget_stages"[0m[37m.[0m[37m"budget_id"[0m [94mAS[0m [37m"Budget__Budget_stages_budget_id"[0m[37m,[0m [37m"Budget__Budget_stages"[0m[37m.[0m[37m"name"[0m [94mAS[0m [37m"Budget__Budget_stages_name"[0m[37m,[0m [37m"Budget__Budget_stages"[0m[37m.[0m[37m"position"[0m [94mAS[0m [37m"Budget__Budget_stages_position"[0m[37m,[0m [37m"Budget__Budget_stages"[0m[37m.[0m[37m"total_cost"[0m [94mAS[0m [37m"Budget__Budget_stages_total_cost"[0m[37m,[0m [37m"Budget__Budget_stages"[0m[37m.[0m[37m"total_price"[0m [94mAS[0m [37m"Budget__Budget_stages_total_price"[0m[37m,[0m [37m"Budget__Budget_stages"[0m[37m.[0m[37m"created_at"[0m [94mAS[0m [37m"Budget__Budget_stages_created_at"[0m[37m,[0m [37m"Budget__Budget_stages"[0m[37m.[0m[37m"updated_at"[0m [94mAS[0m [37m"Budget__Budget_stages_updated_at"[0m[37m,[0m [37m"Budget__Budget_stages__Budget__Budget_stages_items"[0m[37m.[0m[37m"id"[0m [94mAS[0m [37m"Budget__Budget_stages__Budget__Budget_stages_items_id"[0m[37m,[0m [37m"Budget__Budget_stages__Budget__Budget_stages_items"[0m[37m.[0m[37m"stage_id"[0m [94mAS[0m [37m"Budget__Budget_stages__Budget__Budget_stages_items_stage_id"[0m[37m,[0m [37m"Budget__Budget_stages__Budget__Budget_stages_items"[0m[37m.[0m[37m"name"[0m [94mAS[0m [37m"Budget__Budget_stages__Budget__Budget_stages_items_name"[0m[37m,[0m [37m"Budget__Budget_stages__Budget__Budget_stages_items"[0m[37m.[0m[37m"type"[0m [94mAS[0m [37m"Budget__Budget_stages__Budget__Budget_stages_items_type"[0m[37m,[0m [37m"Budget__Budget_stages__Budget__Budget_stages_items"[0m[37m.[0m[37m"description"[0m [94mAS[0m [37m"Budget__Budget_stages__Budget__Budget_stages_items_description"[0m[37m,[0m [37m"Budget__Budget_stages__Budget__Budget_stages_items"[0m[37m.[0m[37m"quantity"[0m [94mAS[0m [37m"Budget__Budget_stages__Budget__Budget_stages_items_quantity"[0m[37m,[0m [37m"Budget__Budget_stages__Budget__Budget_stages_items"[0m[37m.[0m[37m"unit"[0m [94mAS[0m [37m"Budget__Budget_stages__Budget__Budget_stages_items_unit"[0m[37m,[0m [37m"Budget__Budget_stages__Budget__Budget_stages_items"[0m[37m.[0m[37m"unit_cost"[0m [94mAS[0m [37m"Budget__Budget_stages__Budget__Budget_stages_items_unit_cost"[0m[37m,[0m [37m"Budget__Budget_stages__Budget__Budget_stages_items"[0m[37m.[0m[37m"total_cost"[0m [94mAS[0m [37m"Budget__Budget_stages__Budget__Budget_stages_items_total_cost"[0m[37m,[0m [37m"Budget__Budget_stages__Budget__Budget_stages_items"[0m[37m.[0m[37m"unit_price"[0m [94mAS[0m [37m"Budget__Budget_stages__Budget__Budget_stages_items_unit_price"[0m[37m,[0m [37m"Budget__Budget_stages__Budget__Budget_stages_items"[0m[37m.[0m[37m"total_price"[0m [94mAS[0m [37m"Budget__Budget_stages__Budget__Budget_stages_items_total_price"[0m[37m,[0m [37m"Budget__Budget_stages__Budget__Budget_stages_items"[0m[37m.[0m[37m"cost_code"[0m [94mAS[0m [37m"Budget__Budget_stages__Budget__Budget_stages_items_cost_code"[0m[37m,[0m [37m"Budget__Budget_stages__Budget__Budget_stages_items"[0m[37m.[0m[37m"position"[0m [94mAS[0m [37m"Budget__Budget_stages__Budget__Budget_stages_items_position"[0m[37m,[0m [37m"Budget__Budget_stages__Budget__Budget_stages_items"[0m[37m.[0m[37m"apu_template_id"[0m [94mAS[0m [37m"b369afdb949cb2157d821cc128a7b1f73413a925"[0m[37m,[0m [37m"Budget__Budget_stages__Budget__Budget_stages_items"[0m[37m.[0m[37m"cubication_mode"[0m [94mAS[0m [37m"1b7a1619f366c71e6f939e236f78fe0b7526b4a8"[0m[37m,[0m [37m"Budget__Budget_stages__Budget__Budget_stages_items"[0m[37m.[0m[37m"dim_length"[0m [94mAS[0m [37m"Budget__Budget_stages__Budget__Budget_stages_items_dim_length"[0m[37m,[0m [37m"Budget__Budget_stages__Budget__Budget_stages_items"[0m[37m.[0m[37m"dim_width"[0m [94mAS[0m [37m"Budget__Budget_stages__Budget__Budget_stages_items_dim_width"[0m[37m,[0m [37m"Budget__Budget_stages__Budget__Budget_stages_items"[0m[37m.[0m[37m"dim_height"[0m [94mAS[0m [37m"Budget__Budget_stages__Budget__Budget_stages_items_dim_height"[0m[37m,[0m [37m"Budget__Budget_stages__Budget__Budget_stages_items"[0m[37m.[0m[37m"dim_thickness"[0m [94mAS[0m [37m"0b13ce8a6f667ac246d42fc48ee8a2636bcceac1"[0m[37m,[0m [37m"Budget__Budget_stages__Budget__Budget_stages_items"[0m[37m.[0m[37m"dim_count"[0m [94mAS[0m [37m"Budget__Budget_stages__Budget__Budget_stages_items_dim_count"[0m[37m,[0m [37m"Budget__Budget_stages__Budget__Budget_stages_items"[0m[37m.[0m[37m"dim_holes"[0m [94mAS[0m [37m"Budget__Budget_stages__Budget__Budget_stages_items_dim_holes"[0m[37m,[0m [37m"Budget__Budget_stages__Budget__Budget_stages_items"[0m[37m.[0m[37m"formula"[0m [94mAS[0m [37m"Budget__Budget_stages__Budget__Budget_stages_items_formula"[0m[37m,[0m [37m"Budget__Budget_stages__Budget__Budget_stages_items"[0m[37m.[0m[37m"geometry_data"[0m [94mAS[0m [37m"4ed6c0e1075b5f3531452ff6d1db0e4601525900"[0m[37m,[0m [37m"Budget__Budget_stages__Budget__Budget_stages_items"[0m[37m.[0m[37m"ifc_global_id"[0m [94mAS[0m [37m"a43738ae91d3fc0edecaf16169dd0d013eea33ea"[0m[37m,[0m [37m"Budget__Budget_stages__Budget__Budget_stages_items"[0m[37m.[0m[37m"quantity_executed"[0m [94mAS[0m [37m"d62cf59889e20701226b5a1110605e4328c1943d"[0m[37m,[0m [37m"Budget__Budget_stages__Budget__Budget_stages_items"[0m[37m.[0m[37m"real_cost"[0m [94mAS[0m [37m"Budget__Budget_stages__Budget__Budget_stages_items_real_cost"[0m[37m,[0m [37m"Budget__Budget_stages__Budget__Budget_stages_items"[0m[37m.[0m[37m"created_at"[0m [94mAS[0m [37m"Budget__Budget_stages__Budget__Budget_stages_items_created_at"[0m[37m,[0m [37m"Budget__Budget_stages__Budget__Budget_stages_items"[0m[37m.[0m[37m"updated_at"[0m [94mAS[0m [37m"Budget__Budget_stages__Budget__Budget_stages_items_updated_at"[0m[37m,[0m [37m"Budget__Budget_project"[0m[37m.[0m[37m"id"[0m [94mAS[0m [37m"Budget__Budget_project_id"[0m[37m,[0m [37m"Budget__Budget_project"[0m[37m.[0m[37m"company_id"[0m [94mAS[0m [37m"Budget__Budget_project_company_id"[0m[37m,[0m [37m"Budget__Budget_project"[0m[37m.[0m[37m"client_id"[0m [94mAS[0m [37m"Budget__Budget_project_client_id"[0m[37m,[0m [37m"Budget__Budget_project"[0m[37m.[0m[37m"name"[0m [94mAS[0m [37m"Budget__Budget_project_name"[0m[37m,[0m [37m"Budget__Budget_project"[0m[37m.[0m[37m"description"[0m [94mAS[0m [37m"Budget__Budget_project_description"[0m[37m,[0m [37m"Budget__Budget_project"[0m[37m.[0m[37m"location"[0m [94mAS[0m [37m"Budget__Budget_project_location"[0m[37m,[0m [37m"Budget__Budget_project"[0m[37m.[0m[37m"type"[0m [94mAS[0m [37m"Budget__Budget_project_type"[0m[37m,[0m [37m"Budget__Budget_project"[0m[37m.[0m[37m"status"[0m [94mAS[0m [37m"Budget__Budget_project_status"[0m[37m,[0m [37m"Budget__Budget_project"[0m[37m.[0m[37m"start_date"[0m [94mAS[0m [37m"Budget__Budget_project_start_date"[0m[37m,[0m [37m"Budget__Budget_project"[0m[37m.[0m[37m"end_date"[0m [94mAS[0m [37m"Budget__Budget_project_end_date"[0m[37m,[0m [37m"Budget__Budget_project"[0m[37m.[0m[37m"estimated_budget"[0m [94mAS[0m [37m"Budget__Budget_project_estimated_budget"[0m[37m,[0m [37m"Budget__Budget_project"[0m[37m.[0m[37m"estimated_price"[0m [94mAS[0m [37m"Budget__Budget_project_estimated_price"[0m[37m,[0m [37m"Budget__Budget_project"[0m[37m.[0m[37m"created_at"[0m [94mAS[0m [37m"Budget__Budget_project_created_at"[0m[37m,[0m [37m"Budget__Budget_project"[0m[37m.[0m[37m"updated_at"[0m [94mAS[0m [37m"Budget__Budget_project_updated_at"[0m[37m,[0m [37m"Budget__Budget_project__Budget__Budget_project_company"[0m[37m.[0m[37m"id"[0m [94mAS[0m [37m"Budget__Budget_project__Budget__Budget_project_company_id"[0m[37m,[0m [37m"Budget__Budget_project__Budget__Budget_project_company"[0m[37m.[0m[37m"name"[0m [94mAS[0m [37m"Budget__Budget_project__Budget__Budget_project_company_name"[0m[37m,[0m [37m"Budget__Budget_project__Budget__Budget_project_company"[0m[37m.[0m[37m"country"[0m [94mAS[0m [37m"Budget__Budget_project__Budget__Budget_project_company_country"[0m[37m,[0m [37m"Budget__Budget_project__Budget__Budget_project_company"[0m[37m.[0m[37m"currency"[0m [94mAS[0m [37m"Budget__Budget_project__Budget__Budget_project_company_currency"[0m[37m,[0m [37m"Budget__Budget_project__Budget__Budget_project_company"[0m[37m.[0m[37m"tax_id"[0m [94mAS[0m [37m"Budget__Budget_project__Budget__Budget_project_company_tax_id"[0m[37m,[0m [37m"Budget__Budget_project__Budget__Budget_project_company"[0m[37m.[0m[37m"address"[0m [94mAS[0m [37m"Budget__Budget_project__Budget__Budget_project_company_address"[0m[37m,[0m [37m"Budget__Budget_project__Budget__Budget_project_company"[0m[37m.[0m[37m"logo_url"[0m [94mAS[0m [37m"Budget__Budget_project__Budget__Budget_project_company_logo_url"[0m[37m,[0m [37m"Budget__Budget_project__Budget__Budget_project_company"[0m[37m.[0m[37m"email"[0m [94mAS[0m [37m"Budget__Budget_project__Budget__Budget_project_company_email"[0m[37m,[0m [37m"Budget__Budget_project__Budget__Budget_project_company"[0m[37m.[0m[37m"phone"[0m [94mAS[0m [37m"Budget__Budget_project__Budget__Budget_project_company_phone"[0m[37m,[0m [37m"Budget__Budget_project__Budget__Budget_project_company"[0m[37m.[0m[37m"created_at"[0m [94mAS[0m [37m"a7dde5bce0f1193b86255fa21217f96357fd1fd8"[0m[37m,[0m [37m"Budget__Budget_project__Budget__Budget_project_company"[0m[37m.[0m[37m"updated_at"[0m [94mAS[0m [37m"8f3eab9107d331b104dac81c595fcd61b67da135"[0m [94mFROM[0m [37m"budgets"[0m [37m"Budget"[0m [94mLEFT JOIN[0m [37m"stages"[0m [37m"Budget__Budget_stages"[0m [94mON[0m [37m"Budget__Budget_stages"[0m[37m.[0m[37m"budget_id"[0m[37m=[0m[37m"Budget"[0m[37m.[0m[37m"id"[0m  [94mLEFT JOIN[0m [37m"items"[0m [37m"Budget__Budget_stages__Budget__Budget_stages_items"[0m [94mON[0m [37m"Budget__Budget_stages__Budget__Budget_stages_items"[0m[37m.[0m[37m"stage_id"[0m[37m=[0m[37m"Budget__Budget_stages"[0m[37m.[0m[37m"id"[0m  [94mLEFT JOIN[0m [37m"projects"[0m [37m"Budget__Budget_project"[0m [94mON[0m [37m"Budget__Budget_project"[0m[37m.[0m[37m"id"[0m[37m=[0m[37m"Budget"[0m[37m.[0m[37m"project_id"[0m  [94mLEFT JOIN[0m [37m"companies"[0m [37m"Budget__Budget_project__Budget__Budget_project_company"[0m [94mON[0m [37m"Budget__Budget_project__Budget__Budget_project_company"[0m[37m.[0m[37m"id"[0m[37m=[0m[37m"Budget__Budget_project"[0m[37m.[0m[37m"company_id"[0m [94mWHERE[0m [37m([0m[37m([0m[37m"Budget"[0m[37m.[0m[37m"id"[0m [37m=[0m [37m$[0m[32m1[0m[37m)[0m[37m)[0m[37m)[0m [37m"distinctAlias"[0m [94mORDER BY[0m [37m"Budget_id"[0m [94mASC[0m [94mLIMIT[0m [32m1[0m [90m-- PARAMETERS: ["c1d2e3f4-a5b6-7890-cdef-123456789012"][0m
[2m[WebServer] [22m[35m@bm-build-manage/api:dev: [0m[90m[4mquery:[24m[39m [94mSELECT[0m [37m"Budget"[0m[37m.[0m[37m"id"[0m [94mAS[0m [37m"Budget_id"[0m[37m,[0m [37m"Budget"[0m[37m.[0m[37m"project_id"[0m [94mAS[0m [37m"Budget_project_id"[0m[37m,[0m [37m"Budget"[0m[37m.[0m[37m"version"[0m [94mAS[0m [37m"Budget_version"[0m[37m,[0m [37m"Budget"[0m[37m.[0m[37m"status"[0m [94mAS[0m [37m"Budget_status"[0m[37m,[0m [37m"Budget"[0m[37m.[0m[37m"is_active"[0m [94mAS[0m [37m"Budget_is_active"[0m[37m,[0m [37m"Budget"[0m[37m.[0m[37m"notes"[0m [94mAS[0m [37m"Budget_notes"[0m[37m,[0m [37m"Budget"[0m[37m.[0m[37m"rejection_reason"[0m [94mAS[0m [37m"Budget_rejection_reason"[0m[37m,[0m [37m"Budget"[0m[37m.[0m[37m"total_estimated_cost"[0m [94mAS[0m [37m"Budget_total_estimated_cost"[0m[37m,[0m [37m"Budget"[0m[37m.[0m[37m"total_estimated_price"[0m [94mAS[0m [37m"Budget_total_estimated_price"[0m[37m,[0m [37m"Budget"[0m[37m.[0m[37m"professional_fee_percentage"[0m [94mAS[0m [37m"Budget_professional_fee_percentage"[0m[37m,[0m [37m"Budget"[0m[37m.[0m[37m"estimated_utility"[0m [94mAS[0m [37m"Budget_estimated_utility"[0m[37m,[0m [37m"Budget"[0m[37m.[0m[37m"created_at"[0m [94mAS[0m [37m"Budget_created_at"[0m[37m,[0m [37m"Budget"[0m[37m.[0m[37m"updated_at"[0m [94mAS[0m [37m"Budget_updated_at"[0m[37m,[0m [37m"Budget__Budget_stages"[0m[37m.[0m[37m"id"[0m [94mAS[0m [37m"Budget__Budget_stages_id"[0m[37m,[0m [37m"Budget__Budget_stages"[0m[37m.[0m[37m"budget_id"[0m [94mAS[0m [37m"Budget__Budget_stages_budget_id"[0m[37m,[0m [37m"Budget__Budget_stages"[0m[37m.[0m[37m"name"[0m [94mAS[0m [37m"Budget__Budget_stages_name"[0m[37m,[0m [37m"Budget__Budget_stages"[0m[37m.[0m[37m"position"[0m [94mAS[0m [37m"Budget__Budget_stages_position"[0m[37m,[0m [37m"Budget__Budget_stages"[0m[37m.[0m[37m"total_cost"[0m [94mAS[0m [37m"Budget__Budget_stages_total_cost"[0m[37m,[0m [37m"Budget__Budget_stages"[0m[37m.[0m[37m"total_price"[0m [94mAS[0m [37m"Budget__Budget_stages_total_price"[0m[37m,[0m [37m"Budget__Budget_stages"[0m[37m.[0m[37m"created_at"[0m [94mAS[0m [37m"Budget__Budget_stages_created_at"[0m[37m,[0m [37m"Budget__Budget_stages"[0m[37m.[0m[37m"updated_at"[0m [94mAS[0m [37m"Budget__Budget_stages_updated_at"[0m[37m,[0m [37m"Budget__Budget_stages__Budget__Budget_stages_items"[0m[37m.[0m[37m"id"[0m [94mAS[0m [37m"Budget__Budget_stages__Budget__Budget_stages_items_id"[0m[37m,[0m [37m"Budget__Budget_stages__Budget__Budget_stages_items"[0m[37m.[0m[37m"stage_id"[0m [94mAS[0m [37m"Budget__Budget_stages__Budget__Budget_stages_items_stage_id"[0m[37m,[0m [37m"Budget__Budget_stages__Budget__Budget_stages_items"[0m[37m.[0m[37m"name"[0m [94mAS[0m [37m"Budget__Budget_stages__Budget__Budget_stages_items_name"[0m[37m,[0m [37m"Budget__Budget_stages__Budget__Budget_stages_items"[0m[37m.[0m[37m"type"[0m [94mAS[0m [37m"Budget__Budget_stages__Budget__Budget_stages_items_type"[0m[37m,[0m [37m"Budget__Budget_stages__Budget__Budget_stages_items"[0m[37m.[0m[37m"description"[0m [94mAS[0m [37m"Budget__Budget_stages__Budget__Budget_stages_items_description"[0m[37m,[0m [37m"Budget__Budget_stages__Budget__Budget_stages_items"[0m[37m.[0m[37m"quantity"[0m [94mAS[0m [37m"Budget__Budget_stages__Budget__Budget_stages_items_quantity"[0m[37m,[0m [37m"Budget__Budget_stages__Budget__Budget_stages_items"[0m[37m.[0m[37m"unit"[0m [94mAS[0m [37m"Budget__Budget_stages__Budget__Budget_stages_items_unit"[0m[37m,[0m [37m"Budget__Budget_stages__Budget__Budget_stages_items"[0m[37m.[0m[37m"unit_cost"[0m [94mAS[0m [37m"Budget__Budget_stages__Budget__Budget_stages_items_unit_cost"[0m[37m,[0m [37m"Budget__Budget_stages__Budget__Budget_stages_items"[0m[37m.[0m[37m"total_cost"[0m [94mAS[0m [37m"Budget__Budget_stages__Budget__Budget_stages_items_total_cost"[0m[37m,[0m [37m"Budget__Budget_stages__Budget__Budget_stages_items"[0m[37m.[0m[37m"unit_price"[0m [94mAS[0m [37m"Budget__Budget_stages__Budget__Budget_stages_items_unit_price"[0m[37m,[0m [37m"Budget__Budget_stages__Budget__Budget_stages_items"[0m[37m.[0m[37m"total_price"[0m [94mAS[0m [37m"Budget__Budget_stages__Budget__Budget_stages_items_total_price"[0m[37m,[0m [37m"Budget__Budget_stages__Budget__Budget_stages_items"[0m[37m.[0m[37m"cost_code"[0m [94mAS[0m [37m"Budget__Budget_stages__Budget__Budget_stages_items_cost_code"[0m[37m,[0m [37m"Budget__Budget_stages__Budget__Budget_stages_items"[0m[37m.[0m[37m"position"[0m [94mAS[0m [37m"Budget__Budget_stages__Budget__Budget_stages_items_position"[0m[37m,[0m [37m"Budget__Budget_stages__Budget__Budget_stages_items"[0m[37m.[0m[37m"apu_template_id"[0m [94mAS[0m [37m"b369afdb949cb2157d821cc128a7b1f73413a925"[0m[37m,[0m [37m"Budget__Budget_stages__Budget__Budget_stages_items"[0m[37m.[0m[37m"cubication_mode"[0m [94mAS[0m [37m"1b7a1619f366c71e6f939e236f78fe0b7526b4a8"[0m[37m,[0m [37m"Budget__Budget_stages__Budget__Budget_stages_items"[0m[37m.[0m[37m"dim_length"[0m [94mAS[0m [37m"Budget__Budget_stages__Budget__Budget_stages_items_dim_length"[0m[37m,[0m [37m"Budget__Budget_stages__Budget__Budget_stages_items"[0m[37m.[0m[37m"dim_width"[0m [94mAS[0m [37m"Budget__Budget_stages__Budget__Budget_stages_items_dim_width"[0m[37m,[0m [37m"Budget__Budget_stages__Budget__Budget_stages_items"[0m[37m.[0m[37m"dim_height"[0m [94mAS[0m [37m"Budget__Budget_stages__Budget__Budget_stages_items_dim_height"[0m[37m,[0m [37m"Budget__Budget_stages__Budget__Budget_stages_items"[0m[37m.[0m[37m"dim_thickness"[0m [94mAS[0m [37m"0b13ce8a6f667ac246d42fc48ee8a2636bcceac1"[0m[37m,[0m [37m"Budget__Budget_stages__Budget__Budget_stages_items"[0m[37m.[0m[37m"dim_count"[0m [94mAS[0m [37m"Budget__Budget_stages__Budget__Budget_stages_items_dim_count"[0m[37m,[0m [37m"Budget__Budget_stages__Budget__Budget_stages_items"[0m[37m.[0m[37m"dim_holes"[0m [94mAS[0m [37m"Budget__Budget_stages__Budget__Budget_stages_items_dim_holes"[0m[37m,[0m [37m"Budget__Budget_stages__Budget__Budget_stages_items"[0m[37m.[0m[37m"formula"[0m [94mAS[0m [37m"Budget__Budget_stages__Budget__Budget_stages_items_formula"[0m[37m,[0m [37m"Budget__Budget_stages__Budget__Budget_stages_items"[0m[37m.[0m[37m"geometry_data"[0m [94mAS[0m [37m"4ed6c0e1075b5f3531452ff6d1db0e4601525900"[0m[37m,[0m [37m"Budget__Budget_stages__Budget__Budget_stages_items"[0m[37m.[0m[37m"ifc_global_id"[0m [94mAS[0m [37m"a43738ae91d3fc0edecaf16169dd0d013eea33ea"[0m[37m,[0m [37m"Budget__Budget_stages__Budget__Budget_stages_items"[0m[37m.[0m[37m"quantity_executed"[0m [94mAS[0m [37m"d62cf59889e20701226b5a1110605e4328c1943d"[0m[37m,[0m [37m"Budget__Budget_stages__Budget__Budget_stages_items"[0m[37m.[0m[37m"real_cost"[0m [94mAS[0m [37m"Budget__Budget_stages__Budget__Budget_stages_items_real_cost"[0m[37m,[0m [37m"Budget__Budget_stages__Budget__Budget_stages_items"[0m[37m.[0m[37m"created_at"[0m [94mAS[0m [37m"Budget__Budget_stages__Budget__Budget_stages_items_created_at"[0m[37m,[0m [37m"Budget__Budget_stages__Budget__Budget_stages_items"[0m[37m.[0m[37m"updated_at"[0m [94mAS[0m [37m"Budget__Budget_stages__Budget__Budget_stages_items_updated_at"[0m[37m,[0m [37m"Budget__Budget_project"[0m[37m.[0m[37m"id"[0m [94mAS[0m [37m"Budget__Budget_project_id"[0m[37m,[0m [37m"Budget__Budget_project"[0m[37m.[0m[37m"company_id"[0m [94mAS[0m [37m"Budget__Budget_project_company_id"[0m[37m,[0m [37m"Budget__Budget_project"[0m[37m.[0m[37m"client_id"[0m [94mAS[0m [37m"Budget__Budget_project_client_id"[0m[37m,[0m [37m"Budget__Budget_project"[0m[37m.[0m[37m"name"[0m [94mAS[0m [37m"Budget__Budget_project_name"[0m[37m,[0m [37m"Budget__Budget_project"[0m[37m.[0m[37m"description"[0m [94mAS[0m [37m"Budget__Budget_project_description"[0m[37m,[0m [37m"Budget__Budget_project"[0m[37m.[0m[37m"location"[0m [94mAS[0m [37m"Budget__Budget_project_location"[0m[37m,[0m [37m"Budget__Budget_project"[0m[37m.[0m[37m"type"[0m [94mAS[0m [37m"Budget__Budget_project_type"[0m[37m,[0m [37m"Budget__Budget_project"[0m[37m.[0m[37m"status"[0m [94mAS[0m [37m"Budget__Budget_project_status"[0m[37m,[0m [37m"Budget__Budget_project"[0m[37m.[0m[37m"start_date"[0m [94mAS[0m [37m"Budget__Budget_project_start_date"[0m[37m,[0m [37m"Budget__Budget_project"[0m[37m.[0m[37m"end_date"[0m [94mAS[0m [37m"Budget__Budget_project_end_date"[0m[37m,[0m [37m"Budget__Budget_project"[0m[37m.[0m[37m"estimated_budget"[0m [94mAS[0m [37m"Budget__Budget_project_estimated_budget"[0m[37m,[0m [37m"Budget__Budget_project"[0m[37m.[0m[37m"estimated_price"[0m [94mAS[0m [37m"Budget__Budget_project_estimated_price"[0m[37m,[0m [37m"Budget__Budget_project"[0m[37m.[0m[37m"created_at"[0m [94mAS[0m [37m"Budget__Budget_project_created_at"[0m[37m,[0m [37m"Budget__Budget_project"[0m[37m.[0m[37m"updated_at"[0m [94mAS[0m [37m"Budget__Budget_project_updated_at"[0m[37m,[0m [37m"Budget__Budget_project__Budget__Budget_project_company"[0m[37m.[0m[37m"id"[0m [94mAS[0m [37m"Budget__Budget_project__Budget__Budget_project_company_id"[0m[37m,[0m [37m"Budget__Budget_project__Budget__Budget_project_company"[0m[37m.[0m[37m"name"[0m [94mAS[0m [37m"Budget__Budget_project__Budget__Budget_project_company_name"[0m[37m,[0m [37m"Budget__Budget_project__Budget__Budget_project_company"[0m[37m.[0m[37m"country"[0m [94mAS[0m [37m"Budget__Budget_project__Budget__Budget_project_company_country"[0m[37m,[0m [37m"Budget__Budget_project__Budget__Budget_project_company"[0m[37m.[0m[37m"currency"[0m [94mAS[0m [37m"Budget__Budget_project__Budget__Budget_project_company_currency"[0m[37m,[0m [37m"Budget__Budget_project__Budget__Budget_project_company"[0m[37m.[0m[37m"tax_id"[0m [94mAS[0m [37m"Budget__Budget_project__Budget__Budget_project_company_tax_id"[0m[37m,[0m [37m"Budget__Budget_project__Budget__Budget_project_company"[0m[37m.[0m[37m"address"[0m [94mAS[0m [37m"Budget__Budget_project__Budget__Budget_project_company_address"[0m[37m,[0m [37m"Budget__Budget_project__Budget__Budget_project_company"[0m[37m.[0m[37m"logo_url"[0m [94mAS[0m [37m"Budget__Budget_project__Budget__Budget_project_company_logo_url"[0m[37m,[0m [37m"Budget__Budget_project__Budget__Budget_project_company"[0m[37m.[0m[37m"email"[0m [94mAS[0m [37m"Budget__Budget_project__Budget__Budget_project_company_email"[0m[37m,[0m [37m"Budget__Budget_project__Budget__Budget_project_company"[0m[37m.[0m[37m"phone"[0m [94mAS[0m [37m"Budget__Budget_project__Budget__Budget_project_company_phone"[0m[37m,[0m [37m"Budget__Budget_project__Budget__Budget_project_company"[0m[37m.[0m[37m"created_at"[0m [94mAS[0m [37m"a7dde5bce0f1193b86255fa21217f96357fd1fd8"[0m[37m,[0m [37m"Budget__Budget_project__Budget__Budget_project_company"[0m[37m.[0m[37m"updated_at"[0m [94mAS[0m [37m"8f3eab9107d331b104dac81c595fcd61b67da135"[0m [94mFROM[0m [37m"budgets"[0m [37m"Budget"[0m [94mLEFT JOIN[0m [37m"stages"[0m [37m"Budget__Budget_stages"[0m [94mON[0m [37m"Budget__Budget_stages"[0m[37m.[0m[37m"budget_id"[0m[37m=[0m[37m"Budget"[0m[37m.[0m[37m"id"[0m  [94mLEFT JOIN[0m [37m"items"[0m [37m"Budget__Budget_stages__Budget__Budget_stages_items"[0m [94mON[0m [37m"Budget__Budget_stages__Budget__Budget_stages_items"[0m[37m.[0m[37m"stage_id"[0m[37m=[0m[37m"Budget__Budget_stages"[0m[37m.[0m[37m"id"[0m  [94mLEFT JOIN[0m [37m"projects"[0m [37m"Budget__Budget_project"[0m [94mON[0m [37m"Budget__Budget_project"[0m[37m.[0m[37m"id"[0m[37m=[0m[37m"Budget"[0m[37m.[0m[37m"project_id"[0m  [94mLEFT JOIN[0m [37m"companies"[0m [37m"Budget__Budget_project__Budget__Budget_project_company"[0m [94mON[0m [37m"Budget__Budget_project__Budget__Budget_project_company"[0m[37m.[0m[37m"id"[0m[37m=[0m[37m"Budget__Budget_project"[0m[37m.[0m[37m"company_id"[0m [94mWHERE[0m [37m([0m [37m([0m[37m([0m[37m"Budget"[0m[37m.[0m[37m"id"[0m [37m=[0m [37m$[0m[32m1[0m[37m)[0m[37m)[0m [37m)[0m [94mAND[0m [37m([0m [37m"Budget"[0m[37m.[0m[37m"id"[0m [94mIN[0m [37m([0m[37m$[0m[32m2[0m[37m)[0m [37m)[0m [90m-- PARAMETERS: ["c1d2e3f4-a5b6-7890-cdef-123456789012","c1d2e3f4-a5b6-7890-cdef-123456789012"][0m
  Ô£ÿ  1 [chromium] ÔÇ║ tests\e2e\financial-integrity.spec.ts:15:7 ÔÇ║ Financial Integrity & Margin Alerts ÔÇ║ should update margin alerts dynamically and persist fee changes (12.3s)


  1) [chromium] ÔÇ║ tests\e2e\financial-integrity.spec.ts:15:7 ÔÇ║ Financial Integrity & Margin Alerts ÔÇ║ should update margin alerts dynamically and persist fee changes 

    Error: [2mexpect([22m[31mlocator[39m[2m).[22mtoBeVisible[2m([22m[2m)[22m failed

    Locator: locator('#professional-fee-meta')
    Expected: visible
    Timeout: 5000ms
    Error: element(s) not found

    Call log:
    [2m  - Expect "toBeVisible" with timeout 5000ms[22m
    [2m  - waiting for locator('#professional-fee-meta')[22m


      19 |     // 1. Locate Meta Honorarios select
      20 |     const feeSelect = page.locator('#professional-fee-meta'); 
    > 21 |     await expect(feeSelect).toBeVisible();
         |                             ^
      22 |     
      23 |     // 2. Set Meta to 20%
      24 |     await feeSelect.fill('20');
        at C:\Users\benja\OneDrive\Escritorio\BMBuildManage\tests\e2e\financial-integrity.spec.ts:21:29

    Error Context: test-results\financial-integrity-Financ-56512-lly-and-persist-fee-changes-chromium\error-context.md

  1 failed
    [chromium] ÔÇ║ tests\e2e\financial-integrity.spec.ts:15:7 ÔÇ║ Financial Integrity & Margin Alerts ÔÇ║ should update margin alerts dynamically and persist fee changes 
